\BOOKMARK [1][-]{section.1}{\376\377\000I\000n\000t\000r\000o\000d\000u\000c\000t\000i\000o\000n}{}% 1
\BOOKMARK [1][-]{section.2}{\376\377\000B\000r\000i\000e\000f\000\040\000s\000k\000e\000t\000c\000h\000\040\000o\000f\000\040\000G\000R\000A\000P\000E\000\040}{}% 2
\BOOKMARK [1][-]{section.3}{\376\377\000C\000a\000l\000c\000u\000l\000a\000t\000i\000o\000n\000\040\000o\000f\000\040\000g\000r\000a\000d\000i\000e\000n\000t\000s}{}% 3
\BOOKMARK [2][-]{subsection.3.1}{\376\377\000A\000n\000a\000l\000y\000t\000i\000c\000a\000l\000\040\000g\000r\000a\000d\000i\000e\000n\000t\000s\000\040}{section.3}% 4
\BOOKMARK [2][-]{subsection.3.2}{\376\377\000N\000u\000m\000e\000r\000i\000c\000a\000l\000\040\000i\000m\000p\000l\000e\000m\000e\000n\000t\000a\000t\000i\000o\000n\000\040\000o\000f\000\040\000h\000a\000r\000d\000-\000c\000o\000d\000e\000d\000\040\000g\000r\000a\000d\000i\000e\000n\000t}{section.3}% 5
\BOOKMARK [2][-]{subsection.3.3}{\376\377\000E\000f\000f\000i\000c\000i\000e\000n\000t\000\040\000e\000v\000a\000l\000u\000a\000t\000i\000o\000n\000\040\000o\000f\000\040\000h\000a\000r\000d\000-\000c\000o\000d\000e\000d\000\040\000g\000r\000a\000d\000i\000e\000n\000t\000s}{section.3}% 6
\BOOKMARK [1][-]{section.4}{\376\377\000S\000c\000a\000l\000i\000n\000g\000\040\000a\000n\000a\000l\000y\000s\000i\000s\000\040\000a\000n\000d\000\040\000b\000e\000n\000c\000h\000m\000a\000r\000k\000i\000n\000g}{}% 7
\BOOKMARK [2][-]{subsection.4.1}{\376\377\000S\000c\000a\000l\000i\000n\000g\000\040\000a\000n\000a\000l\000y\000s\000i\000s\000\040\000o\000f\000\040\000r\000u\000n\000t\000i\000m\000e\000\040\000a\000n\000d\000\040\000m\000e\000m\000o\000r\000y\000\040\000u\000s\000a\000g\000e}{section.4}% 8
\BOOKMARK [2][-]{subsection.4.2}{\376\377\000B\000e\000n\000c\000h\000m\000a\000r\000k\000\040\000s\000t\000u\000d\000i\000e\000s}{section.4}% 9
\BOOKMARK [1][-]{section.5}{\376\377\000C\000h\000o\000o\000s\000i\000n\000g\000\040\000a\000m\000o\000n\000g\000\040\000d\000i\000f\000f\000e\000r\000e\000n\000t\000\040\000o\000p\000t\000i\000m\000i\000z\000a\000t\000i\000o\000n\000\040\000s\000t\000r\000a\000t\000e\000g\000i\000e\000s\000\040}{}% 10
\BOOKMARK [1][-]{section.6}{\376\377\000C\000o\000n\000c\000l\000u\000s\000i\000o\000n\000s\000\040}{}% 11
\BOOKMARK [1][-]{appendix.A}{\376\377\000A\000n\000a\000l\000y\000t\000i\000c\000a\000l\000\040\000g\000r\000a\000d\000i\000e\000n\000t\000s}{}% 12
\BOOKMARK [1][-]{appendix.B}{\376\377\000S\000c\000a\000l\000i\000n\000g\000\040\000a\000n\000a\000l\000y\000s\000i\000s}{}% 13
\BOOKMARK [1][-]{appendix.C}{\376\377\000D\000e\000t\000e\000r\000m\000i\000n\000e\000\040\000t\000h\000e\000\040\000u\000p\000p\000e\000r\000\040\000b\000o\000u\000n\000d\000\040\000E\000A\000\050\000m\000,\000s\000\051}{}% 14
\BOOKMARK [2][-]{subsection.C.1}{\376\377\000U\000p\000p\000e\000r\000\040\000b\000o\000u\000n\000d\000\040\000f\000o\000r\000\040\000t\000h\000e\000\040\000t\000r\000u\000n\000c\000a\000t\000i\000o\000n\000\040\000e\000r\000r\000o\000r\000\040\000t}{appendix.C}% 15
\BOOKMARK [2][-]{subsection.C.2}{\376\377\000U\000p\000p\000e\000r\000\040\000b\000o\000u\000n\000d\000\040\000f\000o\000r\000\040\000t\000h\000e\000\040\000r\000o\000u\000n\000d\000i\000n\000g\000\040\000e\000r\000r\000o\000r\000\040\000r}{appendix.C}% 16
\BOOKMARK [3][-]{subsubsection.C.2.1}{\376\377\000U\000p\000p\000e\000r\000\040\000b\000o\000u\000n\000d\000\040\000f\000o\000r\000\040\000t\000h\000e\000\040\000r\000o\000u\000n\000d\000i\000n\000g\000\040\000e\000r\000r\000o\000r\000\040\000a\000s\000s\000o\000c\000i\000a\000t\000e\000d\000\040\000w\000i\000t\000h\000\040\000e\000v\000a\000l\000u\000a\000t\000i\000n\000g\000\040\000t\000h\000e\000\040\000d\000o\000t\000\040\000p\000r\000o\000d\000u\000c\000t}{subsection.C.2}% 17
\BOOKMARK [3][-]{subsubsection.C.2.2}{\376\377\000U\000p\000p\000e\000r\000\040\000b\000o\000u\000n\000d\000\040\000f\000o\000r\000\040\000t\000h\000e\000\040\000r\000o\000u\000n\000d\000i\000n\000g\000\040\000e\000r\000r\000o\000r\000\040\000o\000f\000\040\000e\000B\000m\000|}{subsection.C.2}% 18
\BOOKMARK [3][-]{subsubsection.C.2.3}{\376\377\000U\000p\000p\000e\000r\000\040\000b\000o\000u\000n\000d\000\040\000f\000o\000r\000\040\000t\000h\000e\000\040\000e\000r\000r\000o\000r\000\040\000r}{subsection.C.2}% 19
\BOOKMARK [1][-]{appendix.D}{\376\377\000N\000u\000m\000e\000r\000i\000c\000a\000l\000\040\000c\000o\000m\000p\000a\000r\000i\000s\000o\000n\000\040\000b\000e\000t\000w\000e\000e\000n\000\040\000s\000c\000a\000l\000i\000n\000g\000\040\000a\000n\000d\000\040\000s\000q\000u\000a\000r\000i\000n\000g\000\040\000i\000m\000p\000l\000e\000m\000e\000n\000t\000a\000t\000i\000o\000n\000s}{}% 20
\BOOKMARK [1][-]{appendix.E}{\376\377\000T\000h\000e\000\040\000s\000c\000a\000l\000i\000n\000g\000\040\000o\000f\000\040}{}% 21
\BOOKMARK [1][-]{appendix.F}{\376\377\000A\000l\000t\000e\000r\000n\000a\000t\000i\000v\000e\000\040\000n\000u\000m\000e\000r\000i\000c\000a\000l\000\040\000i\000m\000p\000l\000e\000m\000e\000n\000t\000a\000t\000i\000o\000n\000\040\000o\000f\000\040\000H\000G\000\040\000s\000c\000h\000e\000m\000e\000\040\000a\000n\000d\000\040\000t\000h\000e\000\040\000c\000o\000r\000r\000e\000s\000p\000o\000n\000d\000i\000n\000g\000\040\000s\000c\000a\000l\000i\000n\000g\000\040\000a\000n\000a\000l\000y\000s\000i\000s}{}% 22
\BOOKMARK [2][-]{subsection.F.1}{\376\377\000E\000v\000a\000l\000u\000a\000t\000i\000o\000n\000\040\000o\000f\000\040\000p\000r\000o\000p\000a\000g\000a\000t\000o\000r\000\040\000d\000e\000r\000i\000v\000a\000t\000i\000v\000e\000\040}{appendix.F}% 23
\BOOKMARK [2][-]{subsection.F.2}{\376\377\000S\000c\000a\000l\000i\000n\000g\000\040\000a\000n\000a\000l\000y\000s\000i\000s\000\040}{appendix.F}% 24
