\BOOKMARK [0][-]{titlePage.0}{\376\377\000T\000i\000t\000l\000e\000\040\000P\000a\000g\000e}{}% 1
\BOOKMARK [0][-]{Doc-Start}{\376\377\000A\000b\000s\000t\000r\000a\000c\000t}{}% 2
\BOOKMARK [0][-]{Doc-Start}{\376\377\000A\000c\000k\000n\000o\000w\000l\000e\000d\000g\000e\000m\000e\000n\000t\000s}{}% 3
\BOOKMARK [0][-]{Doc-Start}{\376\377\000L\000i\000s\000t\000\040\000o\000f\000\040\000P\000u\000b\000l\000i\000c\000a\000t\000i\000o\000n\000s}{}% 4
\BOOKMARK [0][-]{chapter*.1}{\376\377\000L\000i\000s\000t\000\040\000o\000f\000\040\000S\000y\000m\000b\000o\000l\000s}{}% 5
\BOOKMARK [0][-]{chapter*.1}{\376\377\000D\000e\000d\000i\000c\000a\000t\000i\000o\000n}{}% 6
\BOOKMARK [0][-]{TOC.0}{\376\377\000T\000a\000b\000l\000e\000\040\000o\000f\000\040\000C\000o\000n\000t\000e\000n\000t\000s}{}% 7
\BOOKMARK [0][-]{chapter*.2}{\376\377\000L\000i\000s\000t\000\040\000o\000f\000\040\000T\000a\000b\000l\000e\000s}{}% 8
\BOOKMARK [0][-]{chapter*.3}{\376\377\000L\000i\000s\000t\000\040\000o\000f\000\040\000F\000i\000g\000u\000r\000e\000s}{}% 9
\BOOKMARK [0][-]{chapter.1}{\376\377\000I\000n\000t\000r\000o\000d\000u\000c\000t\000i\000o\000n}{}% 10
\BOOKMARK [0][-]{chapter.2}{\376\377\000B\000o\000s\000o\000n\000i\000c\000\040\000c\000o\000n\000t\000r\000o\000l\000\040\000w\000i\000t\000h\000\040\000a\000n\000c\000i\000l\000l\000a\000\040\000a\000n\000d\000\040\000c\000o\000u\000p\000l\000e\000r}{}% 11
\BOOKMARK [1][-]{section.2.1}{\376\377\000O\000s\000c\000i\000l\000l\000a\000t\000o\000r\000\040\000C\000i\000r\000c\000u\000i\000t\000\040\000H\000a\000m\000i\000l\000t\000o\000n\000i\000a\000n}{chapter.2}% 12
\BOOKMARK [2][-]{subsection.2.1.1}{\376\377\000Q\000u\000a\000n\000t\000i\000z\000a\000t\000i\000o\000n\000\040\000o\000f\000\040\000t\000h\000e\000\040\000L\000C\000\040\000o\000s\000c\000i\000l\000l\000a\000t\000o\000r}{section.2.1}% 13
\BOOKMARK [2][-]{subsection.2.1.2}{\376\377\000C\000l\000a\000s\000s\000i\000c\000a\000l\000\040\000v\000o\000l\000t\000a\000g\000e\000\040\000d\000r\000i\000v\000e\000\040\000o\000f\000\040\000a\000\040\000l\000i\000n\000e\000a\000r\000\040\000o\000s\000c\000i\000l\000l\000a\000t\000o\000r}{section.2.1}% 14
\BOOKMARK [1][-]{section.2.2}{\376\377\000T\000r\000a\000n\000s\000m\000o\000n\000\040\000a\000s\000\040\000a\000\040\000W\000e\000a\000k\000l\000y\000\040\000A\000n\000h\000a\000r\000m\000o\000n\000i\000c\000\040\000S\000y\000s\000t\000e\000m}{chapter.2}% 15
\BOOKMARK [2][-]{subsection.2.2.1}{\376\377\000J\000o\000s\000e\000p\000h\000s\000o\000n\000\040\000H\000a\000m\000i\000l\000t\000o\000n\000i\000a\000n}{section.2.2}% 16
\BOOKMARK [2][-]{subsection.2.2.2}{\376\377\000T\000r\000a\000n\000s\000m\000o\000n\000\040\000l\000i\000m\000i\000t\000\040\000a\000n\000d\000\040\000w\000e\000a\000k\000\040\000a\000n\000h\000a\000r\000m\000o\000n\000i\000c\000i\000t\000y}{section.2.2}% 17
\BOOKMARK [2][-]{subsection.2.2.3}{\376\377\000F\000l\000u\000x\000-\000t\000u\000n\000a\000b\000l\000e\000\040\000t\000r\000a\000n\000s\000m\000o\000n}{section.2.2}% 18
\BOOKMARK [1][-]{section.2.3}{\376\377\000E\000C\000D\000\040\000S\000c\000h\000e\000m\000e\000\040\000f\000o\000r\000\040\000A\000r\000b\000i\000t\000r\000a\000r\000y\000\040\000S\000i\000n\000g\000l\000e\000-\000C\000a\000v\000i\000t\000y\000\040\000U\000n\000i\000t\000a\000r\000y}{chapter.2}% 19
\BOOKMARK [2][-]{subsection.2.3.1}{\376\377\000D\000i\000s\000p\000e\000r\000s\000i\000v\000e\000\040\000c\000a\000v\000i\000t\000y\040\023\000t\000r\000a\000n\000s\000m\000o\000n\000\040\000c\000o\000u\000p\000l\000i\000n\000g}{section.2.3}% 20
\BOOKMARK [2][-]{subsection.2.3.2}{\376\377\000E\000c\000h\000o\000e\000d\000\040\000c\000o\000n\000d\000i\000t\000i\000o\000n\000a\000l\000\040\000d\000i\000s\000p\000l\000a\000c\000e\000m\000e\000n\000t}{section.2.3}% 21
\BOOKMARK [2][-]{subsection.2.3.3}{\376\377\000U\000n\000i\000v\000e\000r\000s\000a\000l\000\040\000g\000a\000t\000e\000\040\000s\000e\000t\000\040\000f\000o\000r\000\040\000t\000h\000e\000\040\000j\000o\000i\000n\000t\000\040\000q\000u\000b\000i\000t\040\023\000c\000a\000v\000i\000t\000y\000\040\000s\000y\000s\000t\000e\000m}{section.2.3}% 22
\BOOKMARK [2][-]{subsection.2.3.4}{\376\377\000S\000y\000n\000t\000h\000e\000s\000i\000s\000\040\000o\000f\000\040\000a\000r\000b\000i\000t\000r\000a\000r\000y\000\040\000c\000a\000v\000i\000t\000y\000\040\000u\000n\000i\000t\000a\000r\000i\000e\000s}{section.2.3}% 23
\BOOKMARK [1][-]{section.2.4}{\376\377\000T\000w\000o\000-\000m\000o\000d\000e\000\040\000e\000n\000t\000a\000n\000g\000l\000e\000m\000e\000n\000t}{chapter.2}% 24
\BOOKMARK [2][-]{subsection.2.4.1}{\376\377\000T\000w\000o\000-\000m\000o\000d\000e\000\040\000E\000C\000D\000\040\000a\000s\000\040\000a\000\040\000u\000n\000i\000v\000e\000r\000s\000a\000l\000-\000c\000o\000n\000t\000r\000o\000l\000\040\000a\000p\000p\000r\000o\000a\000c\000h}{section.2.4}% 25
\BOOKMARK [2][-]{subsection.2.4.2}{\376\377\000P\000a\000r\000a\000m\000e\000t\000r\000i\000c\000a\000l\000l\000y\000\040\000a\000c\000t\000i\000v\000a\000t\000e\000d\000\040\000t\000w\000o\000-\000m\000o\000d\000e\000\040\000i\000n\000t\000e\000r\000a\000c\000t\000i\000o\000n\000\040\000i\000n\000\040\000a\000\040\000c\000a\000v\000i\000t\000y\040\023\000F\000T\000T\040\023\000c\000a\000v\000i\000t\000y\000\040\000s\000y\000s\000t\000e\000m}{section.2.4}% 26
\BOOKMARK [0][-]{chapter.3}{\376\377\000G\000R\000A\000P\000E\000\040\000B\000a\000s\000e\000d\000\040\000o\000n\000\040\000H\000a\000r\000d\000-\000C\000o\000d\000e\000d\000\040\000G\000r\000a\000d\000i\000e\000n\000t\000s}{}% 27
\BOOKMARK [1][-]{section.3.1}{\376\377\000B\000r\000i\000e\000f\000\040\000s\000k\000e\000t\000c\000h\000\040\000o\000f\000\040\000G\000R\000A\000P\000E}{chapter.3}% 28
\BOOKMARK [1][-]{section.3.2}{\376\377\000A\000n\000a\000l\000y\000t\000i\000c\000a\000l\000\040\000g\000r\000a\000d\000i\000e\000n\000t\000s}{chapter.3}% 29
\BOOKMARK [2][-]{subsection.3.2.1}{\376\377\000S\000t\000a\000t\000e\000-\000t\000r\000a\000n\000s\000f\000e\000r\000\040\000i\000n\000f\000i\000d\000e\000l\000i\000t\000y}{section.3.2}% 30
\BOOKMARK [2][-]{subsection.3.2.2}{\376\377\000G\000a\000t\000e\000\040\000i\000n\000f\000i\000d\000e\000l\000i\000t\000y}{section.3.2}% 31
\BOOKMARK [2][-]{subsection.3.2.3}{\376\377\000A\000d\000d\000i\000t\000i\000o\000n\000a\000l\000\040\000c\000o\000s\000t\000\040\000c\000o\000n\000t\000r\000i\000b\000u\000t\000i\000o\000n\000s}{section.3.2}% 32
\BOOKMARK [1][-]{section.3.3}{\376\377\000N\000u\000m\000e\000r\000i\000c\000a\000l\000\040\000i\000m\000p\000l\000e\000m\000e\000n\000t\000a\000t\000i\000o\000n\000\040\000o\000f\000\040\000h\000a\000r\000d\000-\000c\000o\000d\000e\000d\000\040\000g\000r\000a\000d\000i\000e\000n\000t\000s}{chapter.3}% 33
\BOOKMARK [2][-]{subsection.3.3.1}{\376\377\000S\000t\000a\000t\000e\000\040\000p\000r\000o\000p\000a\000g\000a\000t\000i\000o\000n\000\040\000e\000v\000a\000l\000u\000a\000t\000i\000o\000n\000\040\000b\000y\000\040\000s\000c\000a\000l\000i\000n\000g\000\040\000a\000n\000d\000\040\000s\000q\000u\000a\000r\000i\000n\000g}{section.3.3}% 34
\BOOKMARK [2][-]{subsection.3.3.2}{\376\377\000C\000o\000m\000p\000u\000t\000i\000n\000g\000\040\000t\000h\000e\000\040\000p\000r\000o\000p\000a\000g\000a\000t\000o\000r\000\040\000d\000e\000r\000i\000v\000a\000t\000i\000v\000e\000\040\000a\000c\000t\000i\000n\000g\000\040\000o\000n\000\040\000a\000\040\000s\000t\000a\000t\000e\000:\000\040\000a\000u\000x\000i\000l\000i\000a\000r\000y\000\040\000m\000a\000t\000r\000i\000x\000\040\000m\000e\000t\000h\000o\000d}{section.3.3}% 35
\BOOKMARK [2][-]{subsection.3.3.3}{\376\377\000E\000f\000f\000i\000c\000i\000e\000n\000t\000\040\000e\000v\000a\000l\000u\000a\000t\000i\000o\000n\000\040\000o\000f\000\040\000h\000a\000r\000d\000-\000c\000o\000d\000e\000d\000\040\000g\000r\000a\000d\000i\000e\000n\000t\000s}{section.3.3}% 36
\BOOKMARK [0][-]{chapter.4}{\376\377\000S\000c\000a\000l\000i\000n\000g\000\040\000A\000n\000a\000l\000y\000s\000i\000s\000\040\000a\000n\000d\000\040\000B\000e\000n\000c\000h\000m\000a\000r\000k\000i\000n\000g}{}% 37
\BOOKMARK [1][-]{section.4.1}{\376\377\000S\000c\000a\000l\000i\000n\000g\000\040\000a\000n\000a\000l\000y\000s\000i\000s\000\040\000o\000f\000\040\000r\000u\000n\000t\000i\000m\000e\000\040\000a\000n\000d\000\040\000m\000e\000m\000o\000r\000y\000\040\000u\000s\000a\000g\000e}{chapter.4}% 38
\BOOKMARK [2][-]{subsection.4.1.1}{\376\377\000H\000a\000r\000d\000-\000c\000o\000d\000e\000d\000\040\000g\000r\000a\000d\000i\000e\000n\000t\000s\000\040\000v\000i\000a\000\040\000f\000o\000r\000w\000a\000r\000d\000-\000b\000a\000c\000k\000w\000a\000r\000d\000\040\000p\000r\000o\000p\000a\000g\000a\000t\000i\000o\000n}{section.4.1}% 39
\BOOKMARK [2][-]{subsection.4.1.2}{\376\377\000F\000u\000l\000l\000\040\000a\000u\000t\000o\000m\000a\000t\000i\000c\000\040\000d\000i\000f\000f\000e\000r\000e\000n\000t\000i\000a\000t\000i\000o\000n}{section.4.1}% 40
\BOOKMARK [2][-]{subsection.4.1.3}{\376\377\000S\000e\000m\000i\000-\000a\000u\000t\000o\000m\000a\000t\000i\000c\000\040\000d\000i\000f\000f\000e\000r\000e\000n\000t\000i\000a\000t\000i\000o\000n}{section.4.1}% 41
\BOOKMARK [2][-]{subsection.4.1.4}{\376\377\000C\000o\000m\000p\000a\000r\000i\000s\000o\000n}{section.4.1}% 42
\BOOKMARK [1][-]{section.4.2}{\376\377\000B\000e\000n\000c\000h\000m\000a\000r\000k\000\040\000s\000t\000u\000d\000i\000e\000s}{chapter.4}% 43
\BOOKMARK [2][-]{subsection.4.2.1}{\376\377\000S\000t\000a\000t\000e\000-\000t\000r\000a\000n\000s\000f\000e\000r\000\040\000b\000e\000n\000c\000h\000m\000a\000r\000k}{section.4.2}% 44
\BOOKMARK [2][-]{subsection.4.2.2}{\376\377\000G\000a\000t\000e\000-\000o\000p\000e\000r\000a\000t\000i\000o\000n\000\040\000b\000e\000n\000c\000h\000m\000a\000r\000k}{section.4.2}% 45
\BOOKMARK [1][-]{section.4.3}{\376\377\000C\000h\000o\000o\000s\000i\000n\000g\000\040\000a\000m\000o\000n\000g\000\040\000d\000i\000f\000f\000e\000r\000e\000n\000t\000\040\000o\000p\000t\000i\000m\000i\000z\000a\000t\000i\000o\000n\000\040\000s\000t\000r\000a\000t\000e\000g\000i\000e\000s}{chapter.4}% 46
\BOOKMARK [0][-]{chapter.5}{\376\377\000A\000p\000p\000l\000i\000c\000a\000t\000i\000o\000n\000\040\000o\000f\000\040\000G\000R\000A\000P\000E\000:\000\040\000R\000o\000b\000u\000s\000t\000\040\000C\000o\000n\000t\000r\000o\000l\000\040\000f\000o\000r\000\040\000T\000r\000a\000n\000s\000m\000o\000n}{}% 47
\BOOKMARK [1][-]{section.5.1}{\376\377\000M\000e\000t\000r\000i\000c\000s\000\040\000o\000f\000\040\000r\000o\000b\000u\000s\000t\000\040\000c\000o\000n\000t\000r\000o\000l}{chapter.5}% 48
\BOOKMARK [1][-]{section.5.2}{\376\377\000O\000p\000t\000i\000m\000i\000z\000a\000t\000i\000o\000n\000\040\000p\000r\000o\000c\000e\000d\000u\000r\000e}{chapter.5}% 49
\BOOKMARK [1][-]{section.5.3}{\376\377\000B\000e\000n\000c\000h\000m\000a\000r\000k\000i\000n\000g\000\040\000a\000n\000d\000\040\000c\000o\000m\000p\000a\000r\000i\000s\000o\000n}{chapter.5}% 50
\BOOKMARK [0][-]{chapter.6}{\376\377\000C\000a\000v\000i\000t\000y\000\040\000D\000e\000p\000h\000a\000s\000i\000n\000g\000\040\000I\000n\000h\000e\000r\000i\000t\000e\000d\000\040\000f\000r\000o\000m\000\040\000T\000r\000a\000n\000s\000m\000o\000n\000\040\000F\000l\000u\000x\000\040\000N\000o\000i\000s\000e}{}% 51
\BOOKMARK [1][-]{section.6.1}{\376\377\000S\000y\000s\000t\000e\000m\000\040\000H\000a\000m\000i\000l\000t\000o\000n\000i\000a\000n}{chapter.6}% 52
\BOOKMARK [1][-]{section.6.2}{\376\377\000C\000a\000v\000i\000t\000y\000\040\000d\000e\000p\000h\000a\000s\000i\000n\000g\000\040\000d\000u\000e\000\040\000t\000o\000\040\000L\000a\000m\000b\000-\000s\000h\000i\000f\000t\000\040\000f\000l\000u\000c\000t\000u\000a\000t\000i\000o\000n\000s}{chapter.6}% 53
\BOOKMARK [0][-]{chapter.7}{\376\377\000D\000r\000i\000v\000e\000n\000\040\000E\000f\000f\000e\000c\000t\000i\000v\000e\000\040\000H\000a\000m\000i\000l\000t\000o\000n\000i\000a\000n\000\040\000f\000r\000o\000m\000\040\000F\000l\000o\000q\000u\000e\000t\000\040\000T\000h\000e\000o\000r\000y}{}% 54
\BOOKMARK [1][-]{section.7.1}{\376\377\000D\000r\000i\000v\000e\000n\000\040\000e\000f\000f\000e\000c\000t\000i\000v\000e\000\040\000H\000a\000m\000i\000l\000t\000o\000n\000i\000a\000n}{chapter.7}% 55
\BOOKMARK [2][-]{subsection.7.1.1}{\376\377\000F\000l\000o\000q\000u\000e\000t\000\040\000T\000h\000e\000o\000r\000e\000m}{section.7.1}% 56
\BOOKMARK [2][-]{subsection.7.1.2}{\376\377\000C\000o\000n\000s\000t\000r\000u\000c\000t\000i\000o\000n\000\040\000o\000f\000\040\000t\000h\000e\000\040\000S\000o\000l\000u\000t\000i\000o\000n}{section.7.1}% 57
\BOOKMARK [2][-]{subsection.7.1.3}{\376\377\000Q\000u\000a\000s\000i\000e\000n\000e\000r\000g\000y\000\040\000a\000n\000d\000\040\000F\000l\000o\000q\000u\000e\000t\000\040\000S\000t\000a\000t\000e\000s\000\040\000u\000n\000d\000e\000r\000\040\000H\000d\000i\000s\000p}{section.7.1}% 58
\BOOKMARK [1][-]{section.7.2}{\376\377\000D\000r\000i\000v\000e\000n\000\040\000s\000w\000e\000e\000t\000\040\000s\000p\000o\000t\000s}{chapter.7}% 59
\BOOKMARK [1][-]{section.7.3}{\376\377\000H\000i\000g\000h\000e\000r\000-\000o\000r\000d\000e\000r\000\040\000S\000w\000e\000e\000t\000\040\000s\000p\000o\000t\000s\000\040}{chapter.7}% 60
\BOOKMARK [1][-]{section.7.4}{\376\377\000E\000x\000a\000m\000p\000l\000e\000\040\000o\000f\000\040\000a\000\040\000S\000N\000A\000I\000L\000\040\000c\000o\000u\000p\000l\000e\000r}{chapter.7}% 61
\BOOKMARK [1][-]{section.7.5}{\376\377\000A\000m\000p\000l\000i\000t\000u\000d\000e\000-\000n\000o\000i\000s\000e\000-\000i\000n\000d\000u\000c\000e\000d\000\040\000d\000e\000p\000h\000a\000s\000i\000n\000g}{chapter.7}% 62
\BOOKMARK [1][-]{section.7.6}{\376\377\000I\000n\000i\000t\000i\000a\000l\000i\000z\000i\000n\000g\000\040\000s\000t\000a\000t\000e\000s\000\040\000w\000i\000t\000h\000\040\000e\000n\000h\000a\000n\000c\000e\000d\000\040\000c\000o\000h\000e\000r\000e\000n\000c\000e\000\040\000b\000y\000\040\000a\000d\000i\000a\000b\000a\000t\000i\000c\000\040\000t\000r\000a\000n\000s\000i\000t\000i\000o\000n}{chapter.7}% 63
\BOOKMARK [0][-]{chapter.8}{\376\377\000R\000e\000m\000a\000i\000n\000i\000n\000g\000\040\000D\000e\000p\000h\000a\000s\000i\000n\000g\000\040\000C\000h\000a\000n\000n\000e\000l\000s\000\040\000D\000u\000e\000\040\000t\000o\000\040\000I\000n\000t\000e\000r\000p\000l\000a\000y\000\040\000B\000e\000t\000w\000e\000e\000n\000\040\000N\000o\000i\000s\000e\000\040\000a\000n\000d\000\040\000D\000r\000i\000v\000e}{}% 64
\BOOKMARK [1][-]{section.8.1}{\376\377\000F\000u\000l\000l\000\040\000m\000o\000d\000e\000l\000\040\000u\000n\000d\000e\000r\000\040\000c\000o\000n\000s\000i\000d\000e\000r\000a\000t\000i\000o\000n}{chapter.8}% 65
\BOOKMARK [1][-]{section.8.2}{\376\377\000E\000q\000u\000a\000t\000i\000o\000n\000\040\000o\000f\000\040\000m\000o\000t\000i\000o\000n\000\040\000i\000n\000\040\000t\000h\000e\000\040\000i\000n\000t\000e\000r\000a\000c\000t\000i\000o\000n\000\040\000p\000i\000c\000t\000u\000r\000e}{chapter.8}% 66
\BOOKMARK [2][-]{subsection.8.2.1}{\376\377\000T\000r\000a\000n\000s\000f\000o\000r\000m\000a\000t\000i\000o\000n\000\040\000o\000f\000\040\000H\000n\000o\000i\000s\000e}{section.8.2}% 67
\BOOKMARK [2][-]{subsection.8.2.2}{\376\377\000T\000r\000a\000n\000s\000f\000o\000r\000m\000a\000t\000i\000o\000n\000\040\000o\000f\000\040\000t\000h\000e\000\040\000L\000i\000n\000d\000b\000l\000a\000d\000i\000a\000n}{section.8.2}% 68
\BOOKMARK [2][-]{subsection.8.2.3}{\376\377\000F\000u\000r\000t\000h\000e\000r\000\040\000a\000p\000p\000r\000o\000x\000i\000m\000a\000t\000i\000o\000n\000\040\000u\000n\000d\000e\000r\000\040\000t\000w\000o\000\040\000r\000e\000g\000i\000m\000e\000s}{section.8.2}% 69
\BOOKMARK [1][-]{section.8.3}{\376\377\000A\000n\000a\000l\000y\000t\000i\000c\000a\000l\000\040\000c\000a\000l\000c\000u\000l\000a\000t\000i\000o\000n\000\040\000o\000f\000\040\000d\000e\000p\000h\000a\000s\000i\000n\000g\000\040\000r\000a\000t\000e\000s}{chapter.8}% 70
\BOOKMARK [2][-]{subsection.8.3.1}{\376\377\000U\000n\000s\000e\000l\000e\000c\000t\000i\000v\000e\000\040\000r\000e\000g\000i\000m\000e}{section.8.3}% 71
\BOOKMARK [2][-]{subsection.8.3.2}{\376\377\000S\000e\000l\000e\000c\000t\000i\000v\000e\000\040\000r\000e\000g\000i\000m\000e}{section.8.3}% 72
\BOOKMARK [1][-]{section.8.4}{\376\377\000N\000u\000m\000e\000r\000i\000c\000a\000l\000\040\000c\000a\000l\000c\000u\000l\000a\000t\000i\000o\000n\000\040\000o\000f\000\040\000d\000e\000p\000h\000a\000s\000i\000n\000g\000\040\000r\000a\000t\000e\000s}{chapter.8}% 73
\BOOKMARK [2][-]{subsection.8.4.1}{\376\377\000M\000o\000n\000t\000e\000\040\000C\000a\000r\000l\000o\000\040\000m\000a\000s\000t\000e\000r\000\040\000e\000q\000u\000a\000t\000i\000o\000n\000\040\000s\000i\000m\000u\000l\000a\000t\000i\000o\000n}{section.8.4}% 74
\BOOKMARK [2][-]{subsection.8.4.2}{\376\377\000B\000e\000n\000c\000h\000m\000a\000r\000k\000i\000n\000g\000\040\000i\000n\000d\000i\000v\000i\000d\000u\000a\000l\000\040\000d\000e\000p\000h\000a\000s\000i\000n\000g\000\040\000c\000h\000a\000n\000n\000e\000l\000s}{section.8.4}% 75
\BOOKMARK [2][-]{subsection.8.4.3}{\376\377\000T\000o\000t\000a\000l\000\040\000d\000e\000p\000h\000a\000s\000i\000n\000g\000\040\000r\000a\000t\000e}{section.8.4}% 76
\BOOKMARK [0][-]{chapter.9}{\376\377\000A\000p\000p\000l\000i\000c\000a\000t\000i\000o\000n\000s\000\040\000t\000o\000\040\000B\000o\000s\000o\000n\000i\000c\000\040\000E\000r\000r\000o\000r\000-\000C\000o\000r\000r\000e\000c\000t\000i\000o\000n\000\040\000C\000o\000d\000e\000s}{}% 77
\BOOKMARK [1][-]{section.9.1}{\376\377\000B\000i\000n\000o\000m\000i\000a\000l\000\040\000e\000n\000c\000o\000d\000i\000n\000g}{chapter.9}% 78
\BOOKMARK [1][-]{section.9.2}{\376\377\000D\000u\000a\000l\000-\000r\000a\000i\000l\000\040\000e\000n\000c\000o\000d\000i\000n\000g}{chapter.9}% 79
\BOOKMARK [0][-]{chapter.10}{\376\377\000C\000o\000n\000c\000l\000u\000s\000i\000o\000n}{}% 80
\BOOKMARK [0][-]{chapter.10}{\376\377\000R\000e\000f\000e\000r\000e\000n\000c\000e\000s}{}% 81
\BOOKMARK [0][-]{appendix.1.A}{\376\377\000S\000c\000a\000l\000i\000n\000g\000\040\000o\000f\000\040\000t\000h\000e\000\040\000N\000u\000m\000b\000e\000r\000\040\000o\000f\000\040\000M\000a\000t\000r\000i\000x\000-\000V\000e\000c\000t\000o\000r\000\040\000M\000u\000l\000t\000i\000p\000l\000i\000c\000a\000t\000i\000o\000n\000s\000\040}{}% 82
\BOOKMARK [0][-]{appendix.1.B}{\376\377\000A\000l\000t\000e\000r\000n\000a\000t\000i\000v\000e\000\040\000H\000a\000r\000d\000-\000C\000o\000d\000e\000d\000\040\000G\000r\000a\000d\000i\000e\000n\000t\000\040\000S\000c\000h\000e\000m\000e\000:\000\040\000N\000u\000m\000e\000r\000i\000c\000a\000l\000\040\000I\000m\000p\000l\000e\000m\000e\000n\000t\000a\000t\000i\000o\000n\000\040\000a\000n\000d\000\040\000S\000c\000a\000l\000i\000n\000g}{}% 83
\BOOKMARK [1][-]{section.1.B.1}{\376\377\000E\000v\000a\000l\000u\000a\000t\000i\000o\000n\000\040\000o\000f\000\040\000p\000r\000o\000p\000a\000g\000a\000t\000o\000r\000\040\000d\000e\000r\000i\000v\000a\000t\000i\000v\000e}{appendix.1.B}% 84
\BOOKMARK [1][-]{section.1.B.2}{\376\377\000S\000c\000a\000l\000i\000n\000g\000\040\000a\000n\000a\000l\000y\000s\000i\000s}{appendix.1.B}% 85
\BOOKMARK [0][-]{appendix.1.C}{\376\377\000N\000u\000m\000e\000r\000i\000c\000a\000l\000\040\000D\000e\000t\000a\000i\000l\000s\000:\000\040\000E\000x\000a\000c\000t\000\040\000C\000a\000l\000c\000u\000l\000a\000t\000i\000o\000n\000\040\000o\000f\000\040\000D\0000\0001}{}% 86
