This is pdfTeX, Version 3.141592653-2.6-1.40.26 (TeX Live 2024) (preloaded format=pdflatex 2024.11.10)  1 APR 2026 10:57
entering extended mode
 restricted \write18 enabled.
 %&-line parsing enabled.
**main.tex
(./main.tex
LaTeX2e <2023-11-01> patch level 1
L3 programming layer <2024-02-20>
(/usr/local/texlive/2024/texmf-dist/tex/latex/base/report.cls
Document Class: report 2023/05/17 v1.4n Standard LaTeX document class
(/usr/local/texlive/2024/texmf-dist/tex/latex/base/size12.clo
File: size12.clo 2023/05/17 v1.4n Standard LaTeX file (size option)
)
\c@part=\count188
\c@chapter=\count189
\c@section=\count190
\c@subsection=\count191
\c@subsubsection=\count192
\c@paragraph=\count193
\c@subparagraph=\count194
\c@figure=\count195
\c@table=\count196
\abovecaptionskip=\skip48
\belowcaptionskip=\skip49
\bibindent=\dimen140
)
(/usr/local/texlive/2024/texmf-dist/tex/latex/graphics/graphicx.sty
Package: graphicx 2021/09/16 v1.2d Enhanced LaTeX Graphics (DPC,SPQR)

(/usr/local/texlive/2024/texmf-dist/tex/latex/graphics/keyval.sty
Package: keyval 2022/05/29 v1.15 key=value parser (DPC)
\KV@toks@=\toks17
)
(/usr/local/texlive/2024/texmf-dist/tex/latex/graphics/graphics.sty
Package: graphics 2022/03/10 v1.4e Standard LaTeX Graphics (DPC,SPQR)

(/usr/local/texlive/2024/texmf-dist/tex/latex/graphics/trig.sty
Package: trig 2021/08/11 v1.11 sin cos tan (DPC)
)
(/usr/local/texlive/2024/texmf-dist/tex/latex/graphics-cfg/graphics.cfg
File: graphics.cfg 2016/06/04 v1.11 sample graphics configuration
)
Package graphics Info: Driver file: pdftex.def on input line 107.

(/usr/local/texlive/2024/texmf-dist/tex/latex/graphics-def/pdftex.def
File: pdftex.def 2022/09/22 v1.2b Graphics/color driver for pdftex
))
\Gin@req@height=\dimen141
\Gin@req@width=\dimen142
)
(/usr/local/texlive/2024/texmf-dist/tex/latex/geometry/geometry.sty
Package: geometry 2020/01/02 v5.9 Page Geometry

(/usr/local/texlive/2024/texmf-dist/tex/generic/iftex/ifvtex.sty
Package: ifvtex 2019/10/25 v1.7 ifvtex legacy package. Use iftex instead.

(/usr/local/texlive/2024/texmf-dist/tex/generic/iftex/iftex.sty
Package: iftex 2022/02/03 v1.0f TeX engine tests
))
\Gm@cnth=\count197
\Gm@cntv=\count198
\c@Gm@tempcnt=\count199
\Gm@bindingoffset=\dimen143
\Gm@wd@mp=\dimen144
\Gm@odd@mp=\dimen145
\Gm@even@mp=\dimen146
\Gm@layoutwidth=\dimen147
\Gm@layoutheight=\dimen148
\Gm@layouthoffset=\dimen149
\Gm@layoutvoffset=\dimen150
\Gm@dimlist=\toks18
)
(/usr/local/texlive/2024/texmf-dist/tex/latex/setspace/setspace.sty
Package: setspace 2022/12/04 v6.7b set line spacing
)
(/usr/local/texlive/2024/texmf-dist/tex/latex/float/float.sty
Package: float 2001/11/08 v1.3d Float enhancements (AL)
\c@float@type=\count266
\float@exts=\toks19
\float@box=\box51
\@float@everytoks=\toks20
\@floatcapt=\box52
)
(/usr/local/texlive/2024/texmf-dist/tex/latex/psnfss/times.sty
Package: times 2020/03/25 PSNFSS-v9.3 (SPQR) 
)
(/usr/local/texlive/2024/texmf-dist/tex/latex/titlesec/titlesec.sty
Package: titlesec 2023/10/27 v2.16 Sectioning titles
\ttl@box=\box53
\beforetitleunit=\skip50
\aftertitleunit=\skip51
\ttl@plus=\dimen151
\ttl@minus=\dimen152
\ttl@toksa=\toks21
\titlewidth=\dimen153
\titlewidthlast=\dimen154
\titlewidthfirst=\dimen155
)
(/usr/local/texlive/2024/texmf-dist/tex/latex/tocloft/tocloft.sty
Package: tocloft 2017/08/31 v2.3i parameterised ToC, etc., typesetting
Package tocloft Info: The document has chapter divisions on input line 51.
\cftparskip=\skip52
\cftbeforetoctitleskip=\skip53
\cftaftertoctitleskip=\skip54
\cftbeforepartskip=\skip55
\cftpartnumwidth=\skip56
\cftpartindent=\skip57
\cftbeforechapskip=\skip58
\cftchapindent=\skip59
\cftchapnumwidth=\skip60
\cftbeforesecskip=\skip61
\cftsecindent=\skip62
\cftsecnumwidth=\skip63
\cftbeforesubsecskip=\skip64
\cftsubsecindent=\skip65
\cftsubsecnumwidth=\skip66
\cftbeforesubsubsecskip=\skip67
\cftsubsubsecindent=\skip68
\cftsubsubsecnumwidth=\skip69
\cftbeforeparaskip=\skip70
\cftparaindent=\skip71
\cftparanumwidth=\skip72
\cftbeforesubparaskip=\skip73
\cftsubparaindent=\skip74
\cftsubparanumwidth=\skip75
\cftbeforeloftitleskip=\skip76
\cftafterloftitleskip=\skip77
\cftbeforefigskip=\skip78
\cftfigindent=\skip79
\cftfignumwidth=\skip80
\c@lofdepth=\count267
\c@lotdepth=\count268
\cftbeforelottitleskip=\skip81
\cftafterlottitleskip=\skip82
\cftbeforetabskip=\skip83
\cfttabindent=\skip84
\cfttabnumwidth=\skip85
)
(/usr/local/texlive/2024/texmf-dist/tex/latex/hyperref/hyperref.sty
Package: hyperref 2024-01-20 v7.01h Hypertext links for LaTeX

(/usr/local/texlive/2024/texmf-dist/tex/latex/kvsetkeys/kvsetkeys.sty
Package: kvsetkeys 2022-10-05 v1.19 Key value parser (HO)
)
(/usr/local/texlive/2024/texmf-dist/tex/generic/kvdefinekeys/kvdefinekeys.sty
Package: kvdefinekeys 2019-12-19 v1.6 Define keys (HO)
)
(/usr/local/texlive/2024/texmf-dist/tex/generic/pdfescape/pdfescape.sty
Package: pdfescape 2019/12/09 v1.15 Implements pdfTeX's escape features (HO)

(/usr/local/texlive/2024/texmf-dist/tex/generic/ltxcmds/ltxcmds.sty
Package: ltxcmds 2023-12-04 v1.26 LaTeX kernel commands for general use (HO)
)
(/usr/local/texlive/2024/texmf-dist/tex/generic/pdftexcmds/pdftexcmds.sty
Package: pdftexcmds 2020-06-27 v0.33 Utility functions of pdfTeX for LuaTeX (HO
)

(/usr/local/texlive/2024/texmf-dist/tex/generic/infwarerr/infwarerr.sty
Package: infwarerr 2019/12/03 v1.5 Providing info/warning/error messages (HO)
)
Package pdftexcmds Info: \pdf@primitive is available.
Package pdftexcmds Info: \pdf@ifprimitive is available.
Package pdftexcmds Info: \pdfdraftmode found.
))
(/usr/local/texlive/2024/texmf-dist/tex/latex/hycolor/hycolor.sty
Package: hycolor 2020-01-27 v1.10 Color options for hyperref/bookmark (HO)
)
(/usr/local/texlive/2024/texmf-dist/tex/latex/auxhook/auxhook.sty
Package: auxhook 2019-12-17 v1.6 Hooks for auxiliary files (HO)
)
(/usr/local/texlive/2024/texmf-dist/tex/latex/hyperref/nameref.sty
Package: nameref 2023-11-26 v2.56 Cross-referencing by name of section

(/usr/local/texlive/2024/texmf-dist/tex/latex/refcount/refcount.sty
Package: refcount 2019/12/15 v3.6 Data extraction from label references (HO)
)
(/usr/local/texlive/2024/texmf-dist/tex/generic/gettitlestring/gettitlestring.s
ty
Package: gettitlestring 2019/12/15 v1.6 Cleanup title references (HO)
 (/usr/local/texlive/2024/texmf-dist/tex/latex/kvoptions/kvoptions.sty
Package: kvoptions 2022-06-15 v3.15 Key value format for package options (HO)
))
\c@section@level=\count269
)
(/usr/local/texlive/2024/texmf-dist/tex/latex/etoolbox/etoolbox.sty
Package: etoolbox 2020/10/05 v2.5k e-TeX tools for LaTeX (JAW)
\etb@tempcnta=\count270
)
\@linkdim=\dimen156
\Hy@linkcounter=\count271
\Hy@pagecounter=\count272

(/usr/local/texlive/2024/texmf-dist/tex/latex/hyperref/pd1enc.def
File: pd1enc.def 2024-01-20 v7.01h Hyperref: PDFDocEncoding definition (HO)
Now handling font encoding PD1 ...
... no UTF-8 mapping file for font encoding PD1
)
(/usr/local/texlive/2024/texmf-dist/tex/generic/intcalc/intcalc.sty
Package: intcalc 2019/12/15 v1.3 Expandable calculations with integers (HO)
)
\Hy@SavedSpaceFactor=\count273

(/usr/local/texlive/2024/texmf-dist/tex/latex/hyperref/puenc.def
File: puenc.def 2024-01-20 v7.01h Hyperref: PDF Unicode definition (HO)
Now handling font encoding PU ...
... no UTF-8 mapping file for font encoding PU
)
Package hyperref Info: Option `bookmarks' set `true' on input line 4062.
Package hyperref Info: Hyper figures OFF on input line 4179.
Package hyperref Info: Link nesting OFF on input line 4184.
Package hyperref Info: Hyper index ON on input line 4187.
Package hyperref Info: Plain pages OFF on input line 4194.
Package hyperref Info: Backreferencing OFF on input line 4199.
Package hyperref Info: Implicit mode ON; LaTeX internals redefined.
Package hyperref Info: Bookmarks ON on input line 4446.
\c@Hy@tempcnt=\count274

(/usr/local/texlive/2024/texmf-dist/tex/latex/url/url.sty
\Urlmuskip=\muskip16
Package: url 2013/09/16  ver 3.4  Verb mode for urls, etc.
)
LaTeX Info: Redefining \url on input line 4784.
\XeTeXLinkMargin=\dimen157

(/usr/local/texlive/2024/texmf-dist/tex/generic/bitset/bitset.sty
Package: bitset 2019/12/09 v1.3 Handle bit-vector datatype (HO)

(/usr/local/texlive/2024/texmf-dist/tex/generic/bigintcalc/bigintcalc.sty
Package: bigintcalc 2019/12/15 v1.5 Expandable calculations on big integers (HO
)
))
\Fld@menulength=\count275
\Field@Width=\dimen158
\Fld@charsize=\dimen159
Package hyperref Info: Hyper figures OFF on input line 6063.
Package hyperref Info: Link nesting OFF on input line 6068.
Package hyperref Info: Hyper index ON on input line 6071.
Package hyperref Info: backreferencing OFF on input line 6078.
Package hyperref Info: Link coloring OFF on input line 6083.
Package hyperref Info: Link coloring with OCG OFF on input line 6088.
Package hyperref Info: PDF/A mode OFF on input line 6093.

(/usr/local/texlive/2024/texmf-dist/tex/latex/base/atbegshi-ltx.sty
Package: atbegshi-ltx 2021/01/10 v1.0c Emulation of the original atbegshi
package with kernel methods
)
\Hy@abspage=\count276
\c@Item=\count277
\c@Hfootnote=\count278
)
Package hyperref Info: Driver (autodetected): hpdftex.

(/usr/local/texlive/2024/texmf-dist/tex/latex/hyperref/hpdftex.def
File: hpdftex.def 2024-01-20 v7.01h Hyperref driver for pdfTeX

(/usr/local/texlive/2024/texmf-dist/tex/latex/base/atveryend-ltx.sty
Package: atveryend-ltx 2020/08/19 v1.0a Emulation of the original atveryend pac
kage
with kernel methods
)
\Fld@listcount=\count279
\c@bookmark@seq@number=\count280

(/usr/local/texlive/2024/texmf-dist/tex/latex/rerunfilecheck/rerunfilecheck.sty
Package: rerunfilecheck 2022-07-10 v1.10 Rerun checks for auxiliary files (HO)

(/usr/local/texlive/2024/texmf-dist/tex/generic/uniquecounter/uniquecounter.sty
Package: uniquecounter 2019/12/15 v1.4 Provide unlimited unique counter (HO)
)
Package uniquecounter Info: New unique counter `rerunfilecheck' on input line 2
85.
)
\Hy@SectionHShift=\skip86
) (/usr/local/texlive/2024/texmf-dist/tex/latex/appendix/appendix.sty
Package: appendix 2020/02/08 v1.2c extra appendix facilities
\c@@pps=\count281
\c@@ppsavesec=\count282
\c@@ppsaveapp=\count283
)
(/usr/local/texlive/2024/texmf-dist/tex/latex/graphics/rotating.sty
Package: rotating 2016/08/11 v2.16d rotated objects in LaTeX

(/usr/local/texlive/2024/texmf-dist/tex/latex/base/ifthen.sty
Package: ifthen 2022/04/13 v1.1d Standard LaTeX ifthen package (DPC)
)
\c@r@tfl@t=\count284
\rotFPtop=\skip87
\rotFPbot=\skip88
\rot@float@box=\box54
\rot@mess@toks=\toks22
)
(/usr/local/texlive/2024/texmf-dist/tex/generic/ulem/ulem.sty
\UL@box=\box55
\UL@hyphenbox=\box56
\UL@skip=\skip89
\UL@hook=\toks23
\UL@height=\dimen160
\UL@pe=\count285
\UL@pixel=\dimen161
\ULC@box=\box57
Package: ulem 2019/11/18
\ULdepth=\dimen162
)
(/usr/local/texlive/2024/texmf-dist/tex/latex/xcolor/xcolor.sty
Package: xcolor 2023/11/15 v3.01 LaTeX color extensions (UK)

(/usr/local/texlive/2024/texmf-dist/tex/latex/graphics-cfg/color.cfg
File: color.cfg 2016/01/02 v1.6 sample color configuration
)
Package xcolor Info: Driver file: pdftex.def on input line 274.

(/usr/local/texlive/2024/texmf-dist/tex/latex/graphics/mathcolor.ltx)
Package xcolor Info: Model `cmy' substituted by `cmy0' on input line 1350.
Package xcolor Info: Model `hsb' substituted by `rgb' on input line 1354.
Package xcolor Info: Model `RGB' extended on input line 1366.
Package xcolor Info: Model `HTML' substituted by `rgb' on input line 1368.
Package xcolor Info: Model `Hsb' substituted by `hsb' on input line 1369.
Package xcolor Info: Model `tHsb' substituted by `hsb' on input line 1370.
Package xcolor Info: Model `HSB' substituted by `hsb' on input line 1371.
Package xcolor Info: Model `Gray' substituted by `gray' on input line 1372.
Package xcolor Info: Model `wave' substituted by `hsb' on input line 1373.
)
(/usr/local/texlive/2024/texmf-dist/tex/latex/l3packages/l3keys2e/l3keys2e.sty
(/usr/local/texlive/2024/texmf-dist/tex/latex/l3kernel/expl3.sty
Package: expl3 2024-02-20 L3 programming layer (loader) 

(/usr/local/texlive/2024/texmf-dist/tex/latex/l3backend/l3backend-pdftex.def
File: l3backend-pdftex.def 2024-02-20 L3 backend support: PDF output (pdfTeX)
\l__color_backend_stack_int=\count286
\l__pdf_internal_box=\box58
))
Package: l3keys2e 2024-02-18 LaTeX2e option processing using LaTeX3 keys
) (/usr/local/texlive/2024/texmf-dist/tex/latex/chemformula/chemformula.sty
(/usr/local/texlive/2024/texmf-dist/tex/latex/pgf/frontendlayer/tikz.sty
(/usr/local/texlive/2024/texmf-dist/tex/latex/pgf/basiclayer/pgf.sty
(/usr/local/texlive/2024/texmf-dist/tex/latex/pgf/utilities/pgfrcs.sty
(/usr/local/texlive/2024/texmf-dist/tex/generic/pgf/utilities/pgfutil-common.te
x
\pgfutil@everybye=\toks24
\pgfutil@tempdima=\dimen163
\pgfutil@tempdimb=\dimen164
)
(/usr/local/texlive/2024/texmf-dist/tex/generic/pgf/utilities/pgfutil-latex.def
\pgfutil@abb=\box59
) (/usr/local/texlive/2024/texmf-dist/tex/generic/pgf/utilities/pgfrcs.code.tex
(/usr/local/texlive/2024/texmf-dist/tex/generic/pgf/pgf.revision.tex)
Package: pgfrcs 2023-01-15 v3.1.10 (3.1.10)
))
Package: pgf 2023-01-15 v3.1.10 (3.1.10)

(/usr/local/texlive/2024/texmf-dist/tex/latex/pgf/basiclayer/pgfcore.sty
(/usr/local/texlive/2024/texmf-dist/tex/latex/pgf/systemlayer/pgfsys.sty
(/usr/local/texlive/2024/texmf-dist/tex/generic/pgf/systemlayer/pgfsys.code.tex
Package: pgfsys 2023-01-15 v3.1.10 (3.1.10)
(/usr/local/texlive/2024/texmf-dist/tex/generic/pgf/utilities/pgfkeys.code.tex
\pgfkeys@pathtoks=\toks25
\pgfkeys@temptoks=\toks26

(/usr/local/texlive/2024/texmf-dist/tex/generic/pgf/utilities/pgfkeyslibraryfil
tered.code.tex
\pgfkeys@tmptoks=\toks27
))
\pgf@x=\dimen165
\pgf@y=\dimen166
\pgf@xa=\dimen167
\pgf@ya=\dimen168
\pgf@xb=\dimen169
\pgf@yb=\dimen170
\pgf@xc=\dimen171
\pgf@yc=\dimen172
\pgf@xd=\dimen173
\pgf@yd=\dimen174
\w@pgf@writea=\write3
\r@pgf@reada=\read2
\c@pgf@counta=\count287
\c@pgf@countb=\count288
\c@pgf@countc=\count289
\c@pgf@countd=\count290
\t@pgf@toka=\toks28
\t@pgf@tokb=\toks29
\t@pgf@tokc=\toks30
\pgf@sys@id@count=\count291

(/usr/local/texlive/2024/texmf-dist/tex/generic/pgf/systemlayer/pgf.cfg
File: pgf.cfg 2023-01-15 v3.1.10 (3.1.10)
)
Driver file for pgf: pgfsys-pdftex.def

(/usr/local/texlive/2024/texmf-dist/tex/generic/pgf/systemlayer/pgfsys-pdftex.d
ef
File: pgfsys-pdftex.def 2023-01-15 v3.1.10 (3.1.10)

(/usr/local/texlive/2024/texmf-dist/tex/generic/pgf/systemlayer/pgfsys-common-p
df.def
File: pgfsys-common-pdf.def 2023-01-15 v3.1.10 (3.1.10)
)))
(/usr/local/texlive/2024/texmf-dist/tex/generic/pgf/systemlayer/pgfsyssoftpath.
code.tex
File: pgfsyssoftpath.code.tex 2023-01-15 v3.1.10 (3.1.10)
\pgfsyssoftpath@smallbuffer@items=\count292
\pgfsyssoftpath@bigbuffer@items=\count293
)
(/usr/local/texlive/2024/texmf-dist/tex/generic/pgf/systemlayer/pgfsysprotocol.
code.tex
File: pgfsysprotocol.code.tex 2023-01-15 v3.1.10 (3.1.10)
))
(/usr/local/texlive/2024/texmf-dist/tex/generic/pgf/basiclayer/pgfcore.code.tex
Package: pgfcore 2023-01-15 v3.1.10 (3.1.10)
(/usr/local/texlive/2024/texmf-dist/tex/generic/pgf/math/pgfmath.code.tex
(/usr/local/texlive/2024/texmf-dist/tex/generic/pgf/math/pgfmathutil.code.tex)
(/usr/local/texlive/2024/texmf-dist/tex/generic/pgf/math/pgfmathparser.code.tex
\pgfmath@dimen=\dimen175
\pgfmath@count=\count294
\pgfmath@box=\box60
\pgfmath@toks=\toks31
\pgfmath@stack@operand=\toks32
\pgfmath@stack@operation=\toks33
)
(/usr/local/texlive/2024/texmf-dist/tex/generic/pgf/math/pgfmathfunctions.code.
tex)
(/usr/local/texlive/2024/texmf-dist/tex/generic/pgf/math/pgfmathfunctions.basic
.code.tex)
(/usr/local/texlive/2024/texmf-dist/tex/generic/pgf/math/pgfmathfunctions.trigo
nometric.code.tex)
(/usr/local/texlive/2024/texmf-dist/tex/generic/pgf/math/pgfmathfunctions.rando
m.code.tex)
(/usr/local/texlive/2024/texmf-dist/tex/generic/pgf/math/pgfmathfunctions.compa
rison.code.tex)
(/usr/local/texlive/2024/texmf-dist/tex/generic/pgf/math/pgfmathfunctions.base.
code.tex)
(/usr/local/texlive/2024/texmf-dist/tex/generic/pgf/math/pgfmathfunctions.round
.code.tex)
(/usr/local/texlive/2024/texmf-dist/tex/generic/pgf/math/pgfmathfunctions.misc.
code.tex)
(/usr/local/texlive/2024/texmf-dist/tex/generic/pgf/math/pgfmathfunctions.integ
erarithmetics.code.tex)
(/usr/local/texlive/2024/texmf-dist/tex/generic/pgf/math/pgfmathcalc.code.tex)
(/usr/local/texlive/2024/texmf-dist/tex/generic/pgf/math/pgfmathfloat.code.tex
\c@pgfmathroundto@lastzeros=\count295
)) (/usr/local/texlive/2024/texmf-dist/tex/generic/pgf/math/pgfint.code.tex)
(/usr/local/texlive/2024/texmf-dist/tex/generic/pgf/basiclayer/pgfcorepoints.co
de.tex
File: pgfcorepoints.code.tex 2023-01-15 v3.1.10 (3.1.10)
\pgf@picminx=\dimen176
\pgf@picmaxx=\dimen177
\pgf@picminy=\dimen178
\pgf@picmaxy=\dimen179
\pgf@pathminx=\dimen180
\pgf@pathmaxx=\dimen181
\pgf@pathminy=\dimen182
\pgf@pathmaxy=\dimen183
\pgf@xx=\dimen184
\pgf@xy=\dimen185
\pgf@yx=\dimen186
\pgf@yy=\dimen187
\pgf@zx=\dimen188
\pgf@zy=\dimen189
)
(/usr/local/texlive/2024/texmf-dist/tex/generic/pgf/basiclayer/pgfcorepathconst
ruct.code.tex
File: pgfcorepathconstruct.code.tex 2023-01-15 v3.1.10 (3.1.10)
\pgf@path@lastx=\dimen190
\pgf@path@lasty=\dimen191
)
(/usr/local/texlive/2024/texmf-dist/tex/generic/pgf/basiclayer/pgfcorepathusage
.code.tex
File: pgfcorepathusage.code.tex 2023-01-15 v3.1.10 (3.1.10)
\pgf@shorten@end@additional=\dimen192
\pgf@shorten@start@additional=\dimen193
)
(/usr/local/texlive/2024/texmf-dist/tex/generic/pgf/basiclayer/pgfcorescopes.co
de.tex
File: pgfcorescopes.code.tex 2023-01-15 v3.1.10 (3.1.10)
\pgfpic=\box61
\pgf@hbox=\box62
\pgf@layerbox@main=\box63
\pgf@picture@serial@count=\count296
)
(/usr/local/texlive/2024/texmf-dist/tex/generic/pgf/basiclayer/pgfcoregraphicst
ate.code.tex
File: pgfcoregraphicstate.code.tex 2023-01-15 v3.1.10 (3.1.10)
\pgflinewidth=\dimen194
)
(/usr/local/texlive/2024/texmf-dist/tex/generic/pgf/basiclayer/pgfcoretransform
ations.code.tex
File: pgfcoretransformations.code.tex 2023-01-15 v3.1.10 (3.1.10)
\pgf@pt@x=\dimen195
\pgf@pt@y=\dimen196
\pgf@pt@temp=\dimen197
)
(/usr/local/texlive/2024/texmf-dist/tex/generic/pgf/basiclayer/pgfcorequick.cod
e.tex
File: pgfcorequick.code.tex 2023-01-15 v3.1.10 (3.1.10)
)
(/usr/local/texlive/2024/texmf-dist/tex/generic/pgf/basiclayer/pgfcoreobjects.c
ode.tex
File: pgfcoreobjects.code.tex 2023-01-15 v3.1.10 (3.1.10)
)
(/usr/local/texlive/2024/texmf-dist/tex/generic/pgf/basiclayer/pgfcorepathproce
ssing.code.tex
File: pgfcorepathprocessing.code.tex 2023-01-15 v3.1.10 (3.1.10)
)
(/usr/local/texlive/2024/texmf-dist/tex/generic/pgf/basiclayer/pgfcorearrows.co
de.tex
File: pgfcorearrows.code.tex 2023-01-15 v3.1.10 (3.1.10)
\pgfarrowsep=\dimen198
)
(/usr/local/texlive/2024/texmf-dist/tex/generic/pgf/basiclayer/pgfcoreshade.cod
e.tex
File: pgfcoreshade.code.tex 2023-01-15 v3.1.10 (3.1.10)
\pgf@max=\dimen199
\pgf@sys@shading@range@num=\count297
\pgf@shadingcount=\count298
)
(/usr/local/texlive/2024/texmf-dist/tex/generic/pgf/basiclayer/pgfcoreimage.cod
e.tex
File: pgfcoreimage.code.tex 2023-01-15 v3.1.10 (3.1.10)
)
(/usr/local/texlive/2024/texmf-dist/tex/generic/pgf/basiclayer/pgfcoreexternal.
code.tex
File: pgfcoreexternal.code.tex 2023-01-15 v3.1.10 (3.1.10)
\pgfexternal@startupbox=\box64
)
(/usr/local/texlive/2024/texmf-dist/tex/generic/pgf/basiclayer/pgfcorelayers.co
de.tex
File: pgfcorelayers.code.tex 2023-01-15 v3.1.10 (3.1.10)
)
(/usr/local/texlive/2024/texmf-dist/tex/generic/pgf/basiclayer/pgfcoretranspare
ncy.code.tex
File: pgfcoretransparency.code.tex 2023-01-15 v3.1.10 (3.1.10)
)
(/usr/local/texlive/2024/texmf-dist/tex/generic/pgf/basiclayer/pgfcorepatterns.
code.tex
File: pgfcorepatterns.code.tex 2023-01-15 v3.1.10 (3.1.10)
)
(/usr/local/texlive/2024/texmf-dist/tex/generic/pgf/basiclayer/pgfcorerdf.code.
tex
File: pgfcorerdf.code.tex 2023-01-15 v3.1.10 (3.1.10)
)))
(/usr/local/texlive/2024/texmf-dist/tex/generic/pgf/modules/pgfmoduleshapes.cod
e.tex
File: pgfmoduleshapes.code.tex 2023-01-15 v3.1.10 (3.1.10)
\pgfnodeparttextbox=\box65
)
(/usr/local/texlive/2024/texmf-dist/tex/generic/pgf/modules/pgfmoduleplot.code.
tex
File: pgfmoduleplot.code.tex 2023-01-15 v3.1.10 (3.1.10)
)
(/usr/local/texlive/2024/texmf-dist/tex/latex/pgf/compatibility/pgfcomp-version
-0-65.sty
Package: pgfcomp-version-0-65 2023-01-15 v3.1.10 (3.1.10)
\pgf@nodesepstart=\dimen256
\pgf@nodesepend=\dimen257
)
(/usr/local/texlive/2024/texmf-dist/tex/latex/pgf/compatibility/pgfcomp-version
-1-18.sty
Package: pgfcomp-version-1-18 2023-01-15 v3.1.10 (3.1.10)
))
(/usr/local/texlive/2024/texmf-dist/tex/latex/pgf/utilities/pgffor.sty
(/usr/local/texlive/2024/texmf-dist/tex/latex/pgf/utilities/pgfkeys.sty
(/usr/local/texlive/2024/texmf-dist/tex/generic/pgf/utilities/pgfkeys.code.tex)
) (/usr/local/texlive/2024/texmf-dist/tex/latex/pgf/math/pgfmath.sty
(/usr/local/texlive/2024/texmf-dist/tex/generic/pgf/math/pgfmath.code.tex))
(/usr/local/texlive/2024/texmf-dist/tex/generic/pgf/utilities/pgffor.code.tex
Package: pgffor 2023-01-15 v3.1.10 (3.1.10)
\pgffor@iter=\dimen258
\pgffor@skip=\dimen259
\pgffor@stack=\toks34
\pgffor@toks=\toks35
))
(/usr/local/texlive/2024/texmf-dist/tex/generic/pgf/frontendlayer/tikz/tikz.cod
e.tex
Package: tikz 2023-01-15 v3.1.10 (3.1.10)

(/usr/local/texlive/2024/texmf-dist/tex/generic/pgf/libraries/pgflibraryplothan
dlers.code.tex
File: pgflibraryplothandlers.code.tex 2023-01-15 v3.1.10 (3.1.10)
\pgf@plot@mark@count=\count299
\pgfplotmarksize=\dimen260
)
\tikz@lastx=\dimen261
\tikz@lasty=\dimen262
\tikz@lastxsaved=\dimen263
\tikz@lastysaved=\dimen264
\tikz@lastmovetox=\dimen265
\tikz@lastmovetoy=\dimen266
\tikzleveldistance=\dimen267
\tikzsiblingdistance=\dimen268
\tikz@figbox=\box66
\tikz@figbox@bg=\box67
\tikz@tempbox=\box68
\tikz@tempbox@bg=\box69
\tikztreelevel=\count300
\tikznumberofchildren=\count301
\tikznumberofcurrentchild=\count302
\tikz@fig@count=\count303

(/usr/local/texlive/2024/texmf-dist/tex/generic/pgf/modules/pgfmodulematrix.cod
e.tex
File: pgfmodulematrix.code.tex 2023-01-15 v3.1.10 (3.1.10)
\pgfmatrixcurrentrow=\count304
\pgfmatrixcurrentcolumn=\count305
\pgf@matrix@numberofcolumns=\count306
)
\tikz@expandcount=\count307

(/usr/local/texlive/2024/texmf-dist/tex/generic/pgf/frontendlayer/tikz/librarie
s/tikzlibrarytopaths.code.tex
File: tikzlibrarytopaths.code.tex 2023-01-15 v3.1.10 (3.1.10)
)))
(/usr/local/texlive/2024/texmf-dist/tex/latex/amsmath/amsmath.sty
Package: amsmath 2023/05/13 v2.17o AMS math features
\@mathmargin=\skip90

For additional information on amsmath, use the `?' option.
(/usr/local/texlive/2024/texmf-dist/tex/latex/amsmath/amstext.sty
Package: amstext 2021/08/26 v2.01 AMS text

(/usr/local/texlive/2024/texmf-dist/tex/latex/amsmath/amsgen.sty
File: amsgen.sty 1999/11/30 v2.0 generic functions
\@emptytoks=\toks36
\ex@=\dimen269
))
(/usr/local/texlive/2024/texmf-dist/tex/latex/amsmath/amsbsy.sty
Package: amsbsy 1999/11/29 v1.2d Bold Symbols
\pmbraise@=\dimen270
)
(/usr/local/texlive/2024/texmf-dist/tex/latex/amsmath/amsopn.sty
Package: amsopn 2022/04/08 v2.04 operator names
)
\inf@bad=\count308
LaTeX Info: Redefining \frac on input line 234.
\uproot@=\count309
\leftroot@=\count310
LaTeX Info: Redefining \overline on input line 399.
LaTeX Info: Redefining \colon on input line 410.
\classnum@=\count311
\DOTSCASE@=\count312
LaTeX Info: Redefining \ldots on input line 496.
LaTeX Info: Redefining \dots on input line 499.
LaTeX Info: Redefining \cdots on input line 620.
\Mathstrutbox@=\box70
\strutbox@=\box71
LaTeX Info: Redefining \big on input line 722.
LaTeX Info: Redefining \Big on input line 723.
LaTeX Info: Redefining \bigg on input line 724.
LaTeX Info: Redefining \Bigg on input line 725.
\big@size=\dimen271
LaTeX Font Info:    Redeclaring font encoding OML on input line 743.
LaTeX Font Info:    Redeclaring font encoding OMS on input line 744.
\macc@depth=\count313
LaTeX Info: Redefining \bmod on input line 905.
LaTeX Info: Redefining \pmod on input line 910.
LaTeX Info: Redefining \smash on input line 940.
LaTeX Info: Redefining \relbar on input line 970.
LaTeX Info: Redefining \Relbar on input line 971.
\c@MaxMatrixCols=\count314
\dotsspace@=\muskip17
\c@parentequation=\count315
\dspbrk@lvl=\count316
\tag@help=\toks37
\row@=\count317
\column@=\count318
\maxfields@=\count319
\andhelp@=\toks38
\eqnshift@=\dimen272
\alignsep@=\dimen273
\tagshift@=\dimen274
\tagwidth@=\dimen275
\totwidth@=\dimen276
\lineht@=\dimen277
\@envbody=\toks39
\multlinegap=\skip91
\multlinetaggap=\skip92
\mathdisplay@stack=\toks40
LaTeX Info: Redefining \[ on input line 2953.
LaTeX Info: Redefining \] on input line 2954.
)
(/usr/local/texlive/2024/texmf-dist/tex/latex/xfrac/xfrac.sty
Package: xfrac 2024-02-13 Split-level fractions

(/usr/local/texlive/2024/texmf-dist/tex/latex/l3packages/xtemplate/xtemplate.st
y
(/usr/local/texlive/2024/texmf-dist/tex/latex/l3packages/xtemplate/xtemplate-20
23-10-10.sty
Package: xtemplate 2023-10-10 L3 Experimental prototype document functions
\l__xtemplate_tmp_dim=\dimen278
\l__xtemplate_tmp_int=\count320
\l__xtemplate_tmp_muskip=\muskip18
\l__xtemplate_tmp_skip=\skip93
))
\l__xfrac_slash_box=\box72
\l__xfrac_tmp_box=\box73
\l__xfrac_denominator_bot_sep_dim=\dimen279
\l__xfrac_numerator_bot_sep_dim=\dimen280
\l__xfrac_numerator_top_sep_dim=\dimen281
\l__xfrac_slash_left_sep_dim=\dimen282
\l__xfrac_slash_right_sep_dim=\dimen283
\l__xfrac_slash_left_muskip=\muskip19
\l__xfrac_slash_right_muskip=\muskip20

Package xtemplate Info: Declaring object type 'xfrac' taking 3 argument(s) on
(xtemplate)             line 98.

)
(/usr/local/texlive/2024/texmf-dist/tex/latex/units/nicefrac.sty
Package: nicefrac 1998/08/04 v0.9b Nice fractions
\L@UnitsRaiseDisplaystyle=\skip94
\L@UnitsRaiseTextstyle=\skip95
\L@UnitsRaiseScriptstyle=\skip96
)
(/usr/local/texlive/2024/texmf-dist/tex/generic/pgf/libraries/pgflibraryarrows.
meta.code.tex
File: pgflibraryarrows.meta.code.tex 2023-01-15 v3.1.10 (3.1.10)
\pgfarrowinset=\dimen284
\pgfarrowlength=\dimen285
\pgfarrowwidth=\dimen286
\pgfarrowlinewidth=\dimen287
)
Package: chemformula 2022/01/23 v4.17 typeset chemical compounds and reactions 
(CN)
\l__chemformula_tmpa_dim=\dimen288
\l__chemformula_tmpb_dim=\dimen289
\l__chemformula_tmpc_dim=\dimen290
\l__chemformula_tmpa_int=\count321
\l__chemformula_tmpb_int=\count322
\l__chemformula_tmpc_int=\count323
\l__chemformula_tmpa_box=\box74
\l__chemformula_tmpb_box=\box75
\l__chemformula_arrow_length_dim=\dimen291
\l__chemformula_arrow_label_height_dim=\dimen292
\l__chemformula_arrow_label_offset_dim=\dimen293
\l__chemformula_arrow_minimum_length_dim=\dimen294
\l__chemformula_arrow_shortage_dim=\dimen295
\l__chemformula_arrow_offset_dim=\dimen296
\l__chemformula_arrow_yshift_dim=\dimen297
\l__chemformula_radical_radius_dim=\dimen298
\l__chemformula_radical_hshift_dim=\dimen299
\l__chemformula_radical_vshift_dim=\dimen300
\l__chemformula_radical_space_dim=\dimen301
\l__chemformula_arrow_head_dim=\dimen302
\l__chemformula_name_dim=\dimen303
\l__chemformula_adduct_space_dim=\dimen304
\l__chemformula_charge_shift_dim=\dimen305
\l__chemformula_subscript_shift_dim=\dimen306
\l__chemformula_superscript_shift_dim=\dimen307
\l__chemformula_subscript_dim=\dimen308
\l__chemformula_superscript_dim=\dimen309
\l__chemformula_bond_dim=\dimen310
\l__chemformula_bond_space_dim=\dimen311
\l__chemformula_elspec_pair_distance_dim=\dimen312
\l__chemformula_elspec_pair_line_length_dim=\dimen313
\l__chemformula_elspec_pair_width_dim=\dimen314
\l__chemformula_kroegervink_positive_radius_dim=\dimen315
\l__chemformula_kroegervink_positive_hshift_dim=\dimen316
\l__chemformula_kroegervink_positive_vshift_dim=\dimen317
\l__chemformula_kroegervink_positive_space_dim=\dimen318
\l__chemformula_stoich_space_skip=\skip97
\l__chemformula_math_space_skip=\skip98
\l__chemformula_additions_symbol_space_skip=\skip99
\l__chemformula_count_tokens_int=\count324
\g__chemformula_lewis_int=\count325
\l__chemformula_arrow_arg_i_box=\box76
\l__chemformula_arrow_arg_ii_box=\box77
\l__chemformula_superscript_box=\box78
\l__chemformula_subscript_box=\box79
\l__chemformula_plus_space_skip=\skip100
\l__chemformula_minus_space_skip=\skip101
)
(/usr/local/texlive/2024/texmf-dist/tex/latex/siunitx/siunitx.sty
Package: siunitx 2024-02-15 v3.3.12 A comprehensive (SI) units package
\l__siunitx_number_uncert_offset_int=\count326
\l__siunitx_number_exponent_fixed_int=\count327
\l__siunitx_number_min_decimal_int=\count328
\l__siunitx_number_min_integer_int=\count329
\l__siunitx_number_round_precision_int=\count330
\l__siunitx_number_lower_threshold_int=\count331
\l__siunitx_number_upper_threshold_int=\count332
\l__siunitx_number_group_first_int=\count333
\l__siunitx_number_group_size_int=\count334
\l__siunitx_number_group_minimum_int=\count335
\l__siunitx_angle_tmp_dim=\dimen319
\l__siunitx_angle_marker_box=\box80
\l__siunitx_angle_unit_box=\box81
\l__siunitx_compound_count_int=\count336

(/usr/local/texlive/2024/texmf-dist/tex/latex/translations/translations.sty
Package: translations 2022/02/05 v1.12 internationalization of LaTeX2e packages
 (CN)
)
\l__siunitx_table_tmp_box=\box82
\l__siunitx_table_tmp_dim=\dimen320
\l__siunitx_table_column_width_dim=\dimen321
\l__siunitx_table_integer_box=\box83
\l__siunitx_table_decimal_box=\box84
\l__siunitx_table_uncert_box=\box85
\l__siunitx_table_before_box=\box86
\l__siunitx_table_after_box=\box87
\l__siunitx_table_before_dim=\dimen322
\l__siunitx_table_carry_dim=\dimen323
\l__siunitx_unit_tmp_int=\count337
\l__siunitx_unit_position_int=\count338
\l__siunitx_unit_total_int=\count339

(/usr/local/texlive/2024/texmf-dist/tex/latex/tools/array.sty
Package: array 2023/10/16 v2.5g Tabular extension package (FMi)
\col@sep=\dimen324
\ar@mcellbox=\box88
\extrarowheight=\dimen325
\NC@list=\toks41
\extratabsurround=\skip102
\backup@length=\skip103
\ar@cellbox=\box89
))
(/usr/local/texlive/2024/texmf-dist/tex/latex/amsfonts/amssymb.sty
Package: amssymb 2013/01/14 v3.01 AMS font symbols

(/usr/local/texlive/2024/texmf-dist/tex/latex/amsfonts/amsfonts.sty
Package: amsfonts 2013/01/14 v3.01 Basic AMSFonts support
\symAMSa=\mathgroup4
\symAMSb=\mathgroup5
LaTeX Font Info:    Redeclaring math symbol \hbar on input line 98.
LaTeX Font Info:    Overwriting math alphabet `\mathfrak' in version `bold'
(Font)                  U/euf/m/n --> U/euf/b/n on input line 106.
))
(/usr/local/texlive/2024/texmf-dist/tex/latex/nomencl/nomencl.sty
Package: nomencl 2021/11/10 v5.6 Nomenclature package

(/usr/local/texlive/2024/texmf-dist/tex/latex/xkeyval/xkeyval.sty
Package: xkeyval 2022/06/16 v2.9 package option processing (HA)

(/usr/local/texlive/2024/texmf-dist/tex/generic/xkeyval/xkeyval.tex
(/usr/local/texlive/2024/texmf-dist/tex/generic/xkeyval/xkvutils.tex
\XKV@toks=\toks42
\XKV@tempa@toks=\toks43
)
\XKV@depth=\count340
File: xkeyval.tex 2014/12/03 v2.7a key=value parser (HA)
))
(/usr/local/texlive/2024/texmf-dist/tex/latex/koma-script/tocbasic.sty
Package: tocbasic 2023/07/07 v3.41 KOMA-Script package (handling toc-files)

(/usr/local/texlive/2024/texmf-dist/tex/latex/koma-script/scrbase.sty
Package: scrbase 2023/07/07 v3.41 KOMA-Script package (KOMA-Script-independent 
basics and keyval usage)

(/usr/local/texlive/2024/texmf-dist/tex/latex/koma-script/scrlfile.sty
Package: scrlfile 2023/07/07 v3.41 KOMA-Script package (file load hooks)

(/usr/local/texlive/2024/texmf-dist/tex/latex/koma-script/scrlfile-hook.sty
Package: scrlfile-hook 2023/07/07 v3.41 KOMA-Script package (using LaTeX hooks)


(/usr/local/texlive/2024/texmf-dist/tex/latex/koma-script/scrlogo.sty
Package: scrlogo 2023/07/07 v3.41 KOMA-Script package (logo)
)))
Applying: [2021/05/01] Usage of raw or classic option list on input line 252.
Already applied: [0000/00/00] Usage of raw or classic option list on input line
 368.
)
\scr@dte@tocline@numberwidth=\skip104
\scr@dte@tocline@numbox=\box90
)
Package tocbasic Info: omitting babel extension for `nlo'
(tocbasic)             because of missing \bbl@set@language on input line 187.
Package tocbasic Info: omitting babel extension for `nls'
(tocbasic)             because of missing \bbl@set@language on input line 188.
\nomlabelwidth=\dimen326
\nom@tempdim=\dimen327
\nomitemsep=\skip105
)
\@nomenclaturefile=\write4
\openout4 = `main.nlo'.

Package nomencl Info: Writing nomenclature file main.nlo on input line 26.

(/usr/local/texlive/2024/texmf-dist/tex/latex/natbib/natbib.sty
Package: natbib 2010/09/13 8.31b (PWD, AO)
\bibhang=\skip106
\bibsep=\skip107
LaTeX Info: Redefining \cite on input line 694.
\c@NAT@ctr=\count341
)
(/usr/local/texlive/2024/texmf-dist/tex/latex/multirow/multirow.sty
Package: multirow 2021/03/15 v2.8 Span multiple rows of a table
\multirow@colwidth=\skip108
\multirow@cntb=\count342
\multirow@dima=\skip109
\bigstrutjot=\dimen328
)
(/usr/local/texlive/2024/texmf-dist/tex/latex/newfloat/newfloat.sty
Package: newfloat 2023/10/01 v1.2 Defining new floating environments (AR)
Package newfloat Info: `rotating' package detected.
)
Package newfloat Info: New float `suppfigure' with options `name={Figure S}, fi
leext=lof' on input line 35.
\c@suppfigure=\count343
Package newfloat Info: float type `suppfigure'=4 on input line 35.
Package newfloat Info: \newfloat@env@lof is already defined on input line 35.
Package newfloat Info: New float `supptable' with options `name={Table S}, file
ext=lot' on input line 36.
\c@supptable=\count344
Package newfloat Info: float type `supptable'=8 on input line 36.
Package newfloat Info: \newfloat@env@lot is already defined on input line 36.

(/usr/local/texlive/2024/texmf-dist/tex/latex/fancyhdr/fancyhdr.sty
Package: fancyhdr 2022/11/09 v4.1 Extensive control of page headers and footers

\f@nch@headwidth=\skip110
\f@nch@O@elh=\skip111
\f@nch@O@erh=\skip112
\f@nch@O@olh=\skip113
\f@nch@O@orh=\skip114
\f@nch@O@elf=\skip115
\f@nch@O@erf=\skip116
\f@nch@O@olf=\skip117
\f@nch@O@orf=\skip118
)
(/usr/local/texlive/2024/texmf-dist/tex/latex/tocvsec2/tocvsec2.sty
Package: tocvsec2 2014/03/10 v1.3a variable ToC section entries
\c@max@tocdepth=\count345
\c@max@secnumdepth=\count346
)
(/usr/local/texlive/2024/texmf-dist/tex/latex/mathtools/mathtools.sty
Package: mathtools 2024/03/11 v1.30 mathematical typesetting tools

(/usr/local/texlive/2024/texmf-dist/tex/latex/tools/calc.sty
Package: calc 2023/07/08 v4.3 Infix arithmetic (KKT,FJ)
\calc@Acount=\count347
\calc@Bcount=\count348
\calc@Adimen=\dimen329
\calc@Bdimen=\dimen330
\calc@Askip=\skip119
\calc@Bskip=\skip120
LaTeX Info: Redefining \setlength on input line 80.
LaTeX Info: Redefining \addtolength on input line 81.
\calc@Ccount=\count349
\calc@Cskip=\skip121
)
(/usr/local/texlive/2024/texmf-dist/tex/latex/mathtools/mhsetup.sty
Package: mhsetup 2021/03/18 v1.4 programming setup (MH)
)
\g_MT_multlinerow_int=\count350
\l_MT_multwidth_dim=\dimen331
\origjot=\skip122
\l_MT_shortvdotswithinadjustabove_dim=\dimen332
\l_MT_shortvdotswithinadjustbelow_dim=\dimen333
\l_MT_above_intertext_sep=\dimen334
\l_MT_below_intertext_sep=\dimen335
\l_MT_above_shortintertext_sep=\dimen336
\l_MT_below_shortintertext_sep=\dimen337
\xmathstrut@box=\box91
\xmathstrut@dim=\dimen338
)
(/usr/local/texlive/2024/texmf-dist/tex/latex/physics/physics.sty
Package: physics 

(/usr/local/texlive/2024/texmf-dist/tex/latex/l3packages/xparse/xparse.sty
Package: xparse 2024-02-18 L3 Experimental document command parser
))
(/usr/local/texlive/2024/texmf-dist/tex/latex/stmaryrd/stmaryrd.sty
Package: stmaryrd 1994/03/03 St Mary's Road symbol package
\symstmry=\mathgroup6
LaTeX Font Info:    Overwriting symbol font `stmry' in version `bold'
(Font)                  U/stmry/m/n --> U/stmry/b/n on input line 89.
)
(/usr/local/texlive/2024/texmf-dist/tex/latex/jknapltx/mathbbol.sty
Package: mathbbol 1995/01/01
\symbbold=\mathgroup7
)
(/usr/local/texlive/2024/texmf-dist/tex/latex/cleveref/cleveref.sty
Package: cleveref 2018/03/27 v0.21.4 Intelligent cross-referencing
Package cleveref Info: `hyperref' support loaded on input line 2370.
LaTeX Info: Redefining \cref on input line 2370.
LaTeX Info: Redefining \Cref on input line 2370.
LaTeX Info: Redefining \crefrange on input line 2370.
LaTeX Info: Redefining \Crefrange on input line 2370.
LaTeX Info: Redefining \cpageref on input line 2370.
LaTeX Info: Redefining \Cpageref on input line 2370.
LaTeX Info: Redefining \cpagerefrange on input line 2370.
LaTeX Info: Redefining \Cpagerefrange on input line 2370.
LaTeX Info: Redefining \labelcref on input line 2370.
LaTeX Info: Redefining \labelcpageref on input line 2370.
)
(/usr/local/texlive/2024/texmf-dist/tex/latex/colortbl/colortbl.sty
Package: colortbl 2024/02/20 v1.0g Color table columns (DPC)
\everycr=\toks44
\minrowclearance=\skip123
\rownum=\count351
)
(/usr/local/texlive/2024/texmf-dist/tex/latex/listings/listings.sty
\lst@mode=\count352
\lst@gtempboxa=\box92
\lst@token=\toks45
\lst@length=\count353
\lst@currlwidth=\dimen339
\lst@column=\count354
\lst@pos=\count355
\lst@lostspace=\dimen340
\lst@width=\dimen341
\lst@newlines=\count356
\lst@lineno=\count357
\lst@maxwidth=\dimen342

(/usr/local/texlive/2024/texmf-dist/tex/latex/listings/lstpatch.sty
File: lstpatch.sty 2024/02/21 1.10 (Carsten Heinz)
)
(/usr/local/texlive/2024/texmf-dist/tex/latex/listings/lstmisc.sty
File: lstmisc.sty 2024/02/21 1.10 (Carsten Heinz)
\c@lstnumber=\count358
\lst@skipnumbers=\count359
\lst@framebox=\box93
)
(/usr/local/texlive/2024/texmf-dist/tex/latex/listings/listings.cfg
File: listings.cfg 2024/02/21 1.10 listings configuration
))
Package: listings 2024/02/21 1.10 (Carsten Heinz)
Package translations Info: No language package found. I am going to use `englis
h' as default language. on input line 105.
LaTeX Font Info:    Trying to load font information for OT1+ptm on input line 1
05.

(/usr/local/texlive/2024/texmf-dist/tex/latex/psnfss/ot1ptm.fd
File: ot1ptm.fd 2001/06/04 font definitions for OT1/ptm.
) (./main.aux

LaTeX Warning: Label `higher-order app' multiply defined.


LaTeX Warning: Label `higher-order app@cref' multiply defined.


LaTeX Warning: Label `fig:higher-order' multiply defined.


LaTeX Warning: Label `fig:higher-order@cref' multiply defined.


LaTeX Warning: Label `snail' multiply defined.


LaTeX Warning: Label `snail@cref' multiply defined.


LaTeX Warning: Label `fig:snail_ss' multiply defined.


LaTeX Warning: Label `fig:snail_ss@cref' multiply defined.


LaTeX Warning: Label `app:dephasing_numerics' multiply defined.


LaTeX Warning: Label `app:dephasing_numerics@cref' multiply defined.


LaTeX Warning: Label `eq:lindblad_full' multiply defined.


LaTeX Warning: Label `eq:lindblad_full@cref' multiply defined.


LaTeX Warning: Label `fig:psd' multiply defined.


LaTeX Warning: Label `fig:psd@cref' multiply defined.

)
\openout1 = `main.aux'.

LaTeX Font Info:    Checking defaults for OML/cmm/m/it on input line 105.
LaTeX Font Info:    ... okay on input line 105.
LaTeX Font Info:    Checking defaults for OMS/cmsy/m/n on input line 105.
LaTeX Font Info:    ... okay on input line 105.
LaTeX Font Info:    Checking defaults for OT1/cmr/m/n on input line 105.
LaTeX Font Info:    ... okay on input line 105.
LaTeX Font Info:    Checking defaults for T1/cmr/m/n on input line 105.
LaTeX Font Info:    ... okay on input line 105.
LaTeX Font Info:    Checking defaults for TS1/cmr/m/n on input line 105.
LaTeX Font Info:    ... okay on input line 105.
LaTeX Font Info:    Checking defaults for OMX/cmex/m/n on input line 105.
LaTeX Font Info:    ... okay on input line 105.
LaTeX Font Info:    Checking defaults for U/cmr/m/n on input line 105.
LaTeX Font Info:    ... okay on input line 105.
LaTeX Font Info:    Checking defaults for PD1/pdf/m/n on input line 105.
LaTeX Font Info:    ... okay on input line 105.
LaTeX Font Info:    Checking defaults for PU/pdf/m/n on input line 105.
LaTeX Font Info:    ... okay on input line 105.
 (/usr/local/texlive/2024/texmf-dist/tex/context/base/mkii/supp-pdf.mkii
[Loading MPS to PDF converter (version 2006.09.02).]
\scratchcounter=\count360
\scratchdimen=\dimen343
\scratchbox=\box94
\nofMPsegments=\count361
\nofMParguments=\count362
\everyMPshowfont=\toks46
\MPscratchCnt=\count363
\MPscratchDim=\dimen344
\MPnumerator=\count364
\makeMPintoPDFobject=\count365
\everyMPtoPDFconversion=\toks47
) (/usr/local/texlive/2024/texmf-dist/tex/latex/epstopdf-pkg/epstopdf-base.sty
Package: epstopdf-base 2020-01-24 v2.11 Base part for package epstopdf
Package epstopdf-base Info: Redefining graphics rule for `.eps' on input line 4
85.

(/usr/local/texlive/2024/texmf-dist/tex/latex/latexconfig/epstopdf-sys.cfg
File: epstopdf-sys.cfg 2010/07/13 v1.3 Configuration of (r)epstopdf for TeX Liv
e
))
*geometry* driver: auto-detecting
*geometry* detected driver: pdftex
*geometry* verbose mode - [ preamble ] result:
* driver: pdftex
* paper: letterpaper
* layout: <same size as paper>
* layoutoffset:(h,v)=(0.0pt,0.0pt)
* modes: includehead includefoot heightrounded 
* h-part:(L,W,R)=(72.26999pt, 469.75502pt, 72.26999pt)
* v-part:(T,H,B)=(72.26999pt, 650.43001pt, 72.26999pt)
* \paperwidth=614.295pt
* \paperheight=794.96999pt
* \textwidth=469.75502pt
* \textheight=577.5pt
* \oddsidemargin=0.0pt
* \evensidemargin=0.0pt
* \topmargin=-2.49998pt
* \headheight=14.49998pt
* \headsep=25.0pt
* \topskip=12.0pt
* \footskip=30.0pt
* \marginparwidth=44.0pt
* \marginparsep=10.0pt
* \columnsep=10.0pt
* \skip\footins=10.8pt plus 4.0pt minus 2.0pt
* \hoffset=0.0pt
* \voffset=0.0pt
* \mag=1000
* \@twocolumnfalse
* \@twosidefalse
* \@mparswitchfalse
* \@reversemarginfalse
* (1in=72.27pt=25.4mm, 1cm=28.453pt)

Package hyperref Info: Link coloring OFF on input line 105.
(./main.out) (./main.out)
\@outlinefile=\write5
\openout5 = `main.out'.



Package siunitx Warning: Detected the "physics" package:
(siunitx)                omitting definition of \qty.
(siunitx)                
(siunitx)                If you want to use \qty with the siunitx definition,
(siunitx)                add 
(siunitx)                
(siunitx)                    \AtBeginDocument{\RenewCommandCopy\qty\SI}
(siunitx)                
(siunitx)                to your preamble.


(/usr/local/texlive/2024/texmf-dist/tex/latex/translations/translations-basic-d
ictionary-english.trsl
File: translations-basic-dictionary-english.trsl (english translation file `tra
nslations-basic-dictionary')
)
Package translations Info: loading dictionary `translations-basic-dictionary' f
or `english'. on input line 105.
Package newfloat Info: `float' package detected.
\c@lstlisting=\count366
Package tocbasic Info: omitting babel extension for `lol'
(tocbasic)             because of missing \bbl@set@language on input line 105.
 (./titlePage.tex [1

{/usr/local/texlive/2024/texmf-var/fonts/map/pdftex/updmap/pdftex.map}{/usr/loc
al/texlive/2024/texmf-dist/fonts/enc/dvips/base/8r.enc}]) (./copyright.tex
LaTeX Font Info:    Trying to load font information for U+msa on input line 5.

(/usr/local/texlive/2024/texmf-dist/tex/latex/amsfonts/umsa.fd
File: umsa.fd 2013/01/14 v3.01 AMS symbols A
)
LaTeX Font Info:    Trying to load font information for U+msb on input line 5.

(/usr/local/texlive/2024/texmf-dist/tex/latex/amsfonts/umsb.fd
File: umsb.fd 2013/01/14 v3.01 AMS symbols B
)
LaTeX Font Info:    Trying to load font information for U+stmry on input line 5
.

(/usr/local/texlive/2024/texmf-dist/tex/latex/stmaryrd/Ustmry.fd)
LaTeX Font Info:    Trying to load font information for U+bbold on input line 5
.

(/usr/local/texlive/2024/texmf-dist/tex/latex/bbold/Ubbold.fd)
LaTeX Font Info:    Trying to load font information for TS1+ptm on input line 5
.

(/usr/local/texlive/2024/texmf-dist/tex/latex/psnfss/ts1ptm.fd
File: ts1ptm.fd 2001/06/04 font definitions for TS1/ptm.
))
(./abstract.tex
pdfTeX warning (ext4): destination with the same identifier (name{page.i}) has 
been already used, duplicate ignored
<to be read again> 
                   \relax 
l.1 \clearpage
               [1]
Overfull \hbox (4.70877pt too wide) in paragraph at lines 11--12
\OT1/ptm/m/n/12 trans-mon can be strongly sup-pressed by a weak off-resonant dr
ive that cre-ates driven flux-insensitive
 []

) (./acknowledgements.tex [2

] [3

]) (./publications.tex [4


]) (./symbols.tex)
(./main.nls [5


] [6]) (./dedication.tex [7] [8

]) (./main.toc [9


] [10] [11]
[12] [13] [14])
\tf@toc=\write6
\openout6 = `main.toc'.

 [15] (./main.lot
Overfull \hbox (28.28714pt too wide) in paragraph at lines 5--5
 \OML/cmm/m/it/12 ^^T\OT1/cmr/m/n/12 (\OML/cmm/m/it/12 d\OT1/cmr/m/n/12 )$\OT1/
ptm/m/n/12 , and the num-ber of matrix-vector mul-ti-pli-ca-tions re-quired for
 eval-u-at-ing propagator- 
 []

)
\tf@lot=\write7
\openout7 = `main.lot'.

 [16


] (./main.lof
LaTeX Font Info:    Trying to load font information for OT1+pcr on input line 7
.

(/usr/local/texlive/2024/texmf-dist/tex/latex/psnfss/ot1pcr.fd
File: ot1pcr.fd 2001/06/04 font definitions for OT1/pcr.
)
Overfull \hbox (67.95953pt too wide) in paragraph at lines 7--7
 [][] [][]\OT1/ptm/m/n/12 Comparison be-tween scal-ing and squar-ing as im-ple-
mented here and \OT1/pcr/m/n/12 Scipy\OT1/ptm/m/n/12 's \OT1/pcr/m/n/12 expm[]m
ultiply\OT1/ptm/m/n/12 , 
 []

[17


] [18])
\tf@lof=\write8
\openout8 = `main.lof'.

 [19] (./Introduction.tex
Chapter 1.
[1



] [2] [3]
Overfull \hbox (11.41417pt too wide) in paragraph at lines 12--13
[]\OT1/ptm/m/n/12 Transmon qubits are not the only use-ful su-per-con-duct-ing 
de-gree of free-dom. Along-side transmon-
 []


Overfull \hbox (16.8285pt too wide) in paragraph at lines 12--13
\OT1/ptm/m/n/12 based pro-ces-sors, su-per-con-duct-ing mi-crowave cav-i-ties p
ro-vide a dis-tinct and com-ple-men-tary paradigm
 []

[4] [5] [6] [7]) [8] (./chapter2.tex [9]
Chapter 2.

Overfull \hbox (13.4811pt too wide) in paragraph at lines 4--5
\OT1/ptm/m/n/12 This chap-ter de-vel-ops the con-trol frame-work for bosonic mo
des in su-per-con-duct-ing cir-cuits. Through-
 []

<ch2_figures/circuit.pdf, id=951, 237.88875pt x 184.69pt>
File: ch2_figures/circuit.pdf Graphic file (type pdf)
<use ch2_figures/circuit.pdf>
Package pdftex.def Info: ch2_figures/circuit.pdf  used on input line 9.
(pdftex.def)             Requested size: 422.77664pt x 328.24832pt.
[10

]
Overfull \vbox (51.31601pt too high) has occurred while \output is active []


[11 <./ch2_figures/circuit.pdf>] [12] [13] [14] [15] [16] [17] [18] [19]
[20]

LaTeX Warning: Reference `sec:three_wave_mixing_two_mode' on page 21 undefined 
on input line 302.

[21] [22] [23] [24] [25] [26] [27] [28]
LaTeX Font Info:    Trying to load font information for U+euf on input line 647
.

(/usr/local/texlive/2024/texmf-dist/tex/latex/amsfonts/ueuf.fd
File: ueuf.fd 2013/01/14 v3.01 Euler Fraktur
) [29] [30]
[31] [32] [33]
<ch2_figures/fig_ecd.pdf, id=1187, 488.82625pt x 83.31125pt>
File: ch2_figures/fig_ecd.pdf Graphic file (type pdf)
<use ch2_figures/fig_ecd.pdf>
Package pdftex.def Info: ch2_figures/fig_ecd.pdf  used on input line 825.
(pdftex.def)             Requested size: 352.31625pt x 60.04633pt.
 [34 <./ch2_figures/fig_ecd.pdf>]
<ch2_figures/twomode.pdf, id=1494, 203.76125pt x 209.78375pt>
File: ch2_figures/twomode.pdf Graphic file (type pdf)
<use ch2_figures/twomode.pdf>
Package pdftex.def Info: ch2_figures/twomode.pdf  used on input line 839.
(pdftex.def)             Requested size: 375.80544pt x 386.93185pt.
 [35] [36 <./ch2_figures/twomode.pdf>] [37] [38] [39] [40]
Overfull \hbox (1.45213pt too wide) in paragraph at lines 1104--1105
[]\OT1/ptm/m/n/12 This is the para-met-ri-cally ac-ti-vated beam-splitter in-te
r-ac-tion be-tween the two cavity-like modes.
 []

) (./chapter3.tex [41]
Chapter 3.
[42

] [43] [44]
Overfull \hbox (7.51677pt too wide) in paragraph at lines 56--58
\OT1/ptm/m/n/12 is to lever-age au-to-matic dif-fer-en-ti-a-tion for this pur-p
ose, such as im-ple-mented in \OT1/pcr/m/n/12 Tensorflow \OT1/ptm/m/n/12 [[]]
 []

[45] [46] [47] [48] [49] [50] [51] [52]

LaTeX Font Warning: Font shape `U/stmry/b/n' undefined
(Font)              using `U/stmry/m/n' instead on input line 267.

[53] [54] [55] [56]
Overfull \hbox (43.72539pt too wide) in paragraph at lines 383--387
\OT1/ptm/m/n/12 for eval-u-at-ing $\OML/cmm/m/it/12 e[]\OMS/cmsy/m/n/12 j\OT1/c
mr/m/n/12 	\OMS/cmsy/m/n/12 i$ \OT1/ptm/m/n/12 can achieve bet-ter run-time per
-for-mance and ac-cu-racy than \OT1/pcr/m/n/12 Scipy\OT1/ptm/m/n/12 's \OT1/pcr
/m/n/12 expm[]multiply
 []



pdfTeX warning: pdflatex (file ./ch3_figures/Comparison.pdf): PDF inclusion: fo
und PDF version <1.6>, but at most version <1.5> allowed
<ch3_figures/Comparison.pdf, id=1791, 1147.11557pt x 569.67027pt>
File: ch3_figures/Comparison.pdf Graphic file (type pdf)
<use ch3_figures/Comparison.pdf>
Package pdftex.def Info: ch3_figures/Comparison.pdf  used on input line 393.
(pdftex.def)             Requested size: 469.75502pt x 233.28816pt.
[57 <./ch3_figures/Comparison.pdf>] [58] [59]

pdfTeX warning: pdflatex (file ./ch2_figures/forward_backward.pdf): PDF inclusi
on: found PDF version <1.6>, but at most version <1.5> allowed
<ch2_figures/forward_backward.pdf, id=1851, 1237.5234pt x 806.3656pt>
File: ch2_figures/forward_backward.pdf Graphic file (type pdf)
<use ch2_figures/forward_backward.pdf>
Package pdftex.def Info: ch2_figures/forward_backward.pdf  used on input line 4
41.
(pdftex.def)             Requested size: 469.75502pt x 306.0899pt.
) (./chapter4.tex [60 <./ch2_figures/forward_backward.pdf>] [61]
Chapter 4.
[62

] [63] [64] [65] [66]

pdfTeX warning: pdflatex (file ./ch3_figures/state.pdf): PDF inclusion: found P
DF version <1.6>, but at most version <1.5> allowed
<ch3_figures/state.pdf, id=2003, 899.88797pt x 545.25508pt>
File: ch3_figures/state.pdf Graphic file (type pdf)
<use ch3_figures/state.pdf>
Package pdftex.def Info: ch3_figures/state.pdf  used on input line 96.
(pdftex.def)             Requested size: 469.75502pt x 284.63249pt.
[67 <./ch3_figures/state.pdf>]
Overfull \hbox (10.02441pt too wide) in paragraph at lines 105--106
\OT1/ptm/m/n/12 driven trans-mons with nearest-neighbor cou-pling. The tar-get 
gate con-sists of si-mul-ta-ne-ous Hadamard
 []



pdfTeX warning: pdflatex (file ./ch3_figures/gate.pdf): PDF inclusion: found PD
F version <1.6>, but at most version <1.5> allowed
<ch3_figures/gate.pdf, id=2028, 876.4785pt x 544.50124pt>
File: ch3_figures/gate.pdf Graphic file (type pdf)
<use ch3_figures/gate.pdf>
Package pdftex.def Info: ch3_figures/gate.pdf  used on input line 113.
(pdftex.def)             Requested size: 469.75502pt x 291.82455pt.
[68]
<ch3_figures/decision_tree.pdf, id=2040, 679.16333pt x 570.86174pt>
File: ch3_figures/decision_tree.pdf Graphic file (type pdf)
<use ch3_figures/decision_tree.pdf>
Package pdftex.def Info: ch3_figures/decision_tree.pdf  used on input line 128.

(pdftex.def)             Requested size: 469.75502pt x 394.84448pt.
 [69]) (./chapter5.tex [70] [71 <./ch3_figures/gate.pdf>] [72 <./ch3_figures/de
cision_tree.pdf>]
Chapter 5.
[73

] [74] [75]

pdfTeX warning: pdflatex (file ./ch4_figures/fig_flowchart.pdf): PDF inclusion:
 found PDF version <1.6>, but at most version <1.5> allowed
<ch4_figures/fig_flowchart.pdf, id=2145, 246.9225pt x 394.09131pt>
File: ch4_figures/fig_flowchart.pdf Graphic file (type pdf)
<use ch4_figures/fig_flowchart.pdf>
Package pdftex.def Info: ch4_figures/fig_flowchart.pdf  used on input line 60.
(pdftex.def)             Requested size: 328.82707pt x 524.84442pt.

LaTeX Warning: Float too large for page by 46.94232pt on input line 64.

[76]

pdfTeX warning: pdflatex (file ./ch4_figures/fig_qoc.pdf): PDF inclusion: found
 PDF version <1.6>, but at most version <1.5> allowed
<ch4_figures/fig_qoc.pdf, id=2167, 511.9125pt x 160.16136pt>
File: ch4_figures/fig_qoc.pdf Graphic file (type pdf)
<use ch4_figures/fig_qoc.pdf>
Package pdftex.def Info: ch4_figures/fig_qoc.pdf  used on input line 91.
(pdftex.def)             Requested size: 469.75502pt x 146.97144pt.

Overfull \hbox (7.05704pt too wide) in paragraph at lines 103--112
\OT1/ptm/m/n/12 I bench-mark the op-ti-miza-tion pro-ce-dure for a trans-mon wi
th typ-i-cal pa-ram-e-ters: $\OML/cmm/m/it/12 K[]=\OT1/cmr/m/n/12 2\OML/cmm/m/i
t/12 ^^Y \OT1/cmr/m/n/12 = 200$\OT1/ptm/m/n/12 MHz,
 []

[77]

pdfTeX warning: pdflatex (file ./ch4_figures/fig_qoc_qctrl.pdf): PDF inclusion:
 found PDF version <1.6>, but at most version <1.5> allowed
<ch4_figures/fig_qoc_qctrl.pdf, id=2182, 511.9125pt x 160.16136pt>
File: ch4_figures/fig_qoc_qctrl.pdf Graphic file (type pdf)
<use ch4_figures/fig_qoc_qctrl.pdf>
Package pdftex.def Info: ch4_figures/fig_qoc_qctrl.pdf  used on input line 115.

(pdftex.def)             Requested size: 469.75502pt x 146.97144pt.
[78]) (./chapter6/main.tex [79] [80 <./ch4_figures/fig_flowchart.pdf>] [81 <./c
h4_figures/fig_qoc.pdf>] [82 <./ch4_figures/fig_qoc_qctrl.pdf>]
Chapter 6.
(./chapter6/sections/introduction.tex
(../6949db0bfd19311f68336ca1/introduction/introduction.tex [83

] [84]))
(./chapter6/sections/hamiltonian_derivation_and_noise_analysis.tex
(../6949db0bfd19311f68336ca1/Appendix/Hamiltonian Derivation and Noise Analysis
.tex
Overfull \hbox (66.11919pt too wide) detected at line 15
[]
 []

[85] [86] [87])) (./chapter6/sections/obtain_hd_schrieffer_wolff.tex
(../6949db0bfd19311f68336ca1/Appendix/Obtain H_d by Schrieffer–Wolff transfor
mation.tex

Package hyperref Warning: Token not allowed in a PDF string (Unicode):
(hyperref)                removing `math shift' on input line 1.


Package hyperref Warning: Token not allowed in a PDF string (Unicode):
(hyperref)                removing `subscript' on input line 1.


Package hyperref Warning: Token not allowed in a PDF string (Unicode):
(hyperref)                removing `math shift' on input line 1.

[88] [89])) (./chapter6/sections/transformation.tex
(../6949db0bfd19311f68336ca1/Appendix/Transformation.tex [90] [91]

Package hyperref Warning: Token not allowed in a PDF string (Unicode):
(hyperref)                removing `math shift' on input line 71.


Package hyperref Warning: Token not allowed in a PDF string (Unicode):
(hyperref)                removing `subscript' on input line 71.


Package hyperref Warning: Token not allowed in a PDF string (Unicode):
(hyperref)                removing `math shift' on input line 71.

[92] [93] [94] [95] [96] [97] [98] [99])) (./chapter6/sections/sec2_setup.tex
(../6949db0bfd19311f68336ca1/Sec 2/setup.tex
<../6949db0bfd19311f68336ca1/plot/device_plot/deviceplot/device.pdf, id=2490, 3
25.215pt x 233.87375pt>
File: ../6949db0bfd19311f68336ca1/plot/device_plot/deviceplot/device.pdf Graphi
c file (type pdf)
<use ../6949db0bfd19311f68336ca1/plot/device_plot/deviceplot/device.pdf>
Package pdftex.def Info: ../6949db0bfd19311f68336ca1/plot/device_plot/deviceplo
t/device.pdf  used on input line 8.
(pdftex.def)             Requested size: 469.75502pt x 337.84492pt.
 [100]))
(./chapter6/sections/sec2_driven_points.tex
(../6949db0bfd19311f68336ca1/Sec 2/driven-induced-flux-insensitive-points.tex
<../6949db0bfd19311f68336ca1/Sec 2/compare.pdf, id=2502, 579.16376pt x 200.75pt
>
File: ../6949db0bfd19311f68336ca1/Sec 2/compare.pdf Graphic file (type pdf)
<use ../6949db0bfd19311f68336ca1/Sec 2/compare.pdf>
Package pdftex.def Info: ../6949db0bfd19311f68336ca1/Sec 2/compare.pdf  used on
 input line 5.
(pdftex.def)             Requested size: 469.75502pt x 162.82715pt.

[101] [102] [103] [104]))) (./chapter7/main.tex [105] [106 <../6949db0bfd19311f
68336ca1/plot/device_plot/deviceplot/device.pdf>] [107 <../6949db0bfd19311f6833
6ca1/Sec 2/compare.pdf>]
Chapter 7.
(./chapter7/sections/unselective.tex
(../6949db0bfd19311f68336ca1/Sec 3/unselective.tex
Overfull \hbox (6.22874pt too wide) in paragraph at lines 21--23
\OT1/ptm/m/n/12 Although the sweet-spot con-di-tion can-cels the lead-ing di-re
ct cavity-dephasing con-tri-bu-tion ($\OML/cmm/m/it/12 D[] \OT1/cmr/m/n/12 =
 []

[108

] [109])) (./chapter7/sections/selective.tex
(../6949db0bfd19311f68336ca1/Sec 3/selective.tex [110]
<../6949db0bfd19311f68336ca1/Sec 3/total_rate.pdf, id=2708, 598.235pt x 714.67p
t>
File: ../6949db0bfd19311f68336ca1/Sec 3/total_rate.pdf Graphic file (type pdf)
<use ../6949db0bfd19311f68336ca1/Sec 3/total_rate.pdf>
Package pdftex.def Info: ../6949db0bfd19311f68336ca1/Sec 3/total_rate.pdf  used
 on input line 45.
(pdftex.def)             Requested size: 469.75502pt x 561.19167pt.


LaTeX Warning: Float too large for page by 97.78957pt on input line 58.

[111])) (./chapter7/sections/simulation_details.tex
(../6949db0bfd19311f68336ca1/Appendix/simulation details.tex

Package hyperref Warning: Token not allowed in a PDF string (Unicode):
(hyperref)                removing `math shift' on input line 1.


Package hyperref Warning: Token not allowed in a PDF string (Unicode):
(hyperref)                removing `subscript' on input line 1.


Package hyperref Warning: Token not allowed in a PDF string (Unicode):
(hyperref)                removing `\rightarrow' on input line 1.


Package hyperref Warning: Token not allowed in a PDF string (Unicode):
(hyperref)                removing `math shift' on input line 1.

[112])) (./chapter7/sections/numerics_trajectory.tex
(../6949db0bfd19311f68336ca1/Appendix/numerics_trajectory.tex [113]
<../6949db0bfd19311f68336ca1/Appendix/noise_spectrum_plot.pdf, id=2740, 229.541
17pt x 154.17738pt>
File: ../6949db0bfd19311f68336ca1/Appendix/noise_spectrum_plot.pdf Graphic file
 (type pdf)
<use ../6949db0bfd19311f68336ca1/Appendix/noise_spectrum_plot.pdf>
Package pdftex.def Info: ../6949db0bfd19311f68336ca1/Appendix/noise_spectrum_pl
ot.pdf  used on input line 29.
(pdftex.def)             Requested size: 469.75502pt x 315.53397pt.
 [114])
[115]) (./chapter7/sections/adiabatic_transition.tex
(../6949db0bfd19311f68336ca1/Appendix/Adiabatic transition.tex [116] [117]
Overfull \hbox (2.32884pt too wide) in paragraph at lines 96--98
[]\OT1/ptm/m/n/12 Numerical sim-u-la-tions con-firm the qual-i-ta-tive anal-y-s
is above. We com-pute the state-preparation
 []

[118]
<../6949db0bfd19311f68336ca1/Appendix/preparation_fidelity_plot.pdf, id=2795, 2
27.961pt x 158.46925pt>
File: ../6949db0bfd19311f68336ca1/Appendix/preparation_fidelity_plot.pdf Graphi
c file (type pdf)
<use ../6949db0bfd19311f68336ca1/Appendix/preparation_fidelity_plot.pdf>
Package pdftex.def Info: ../6949db0bfd19311f68336ca1/Appendix/preparation_fidel
ity_plot.pdf  used on input line 120.
(pdftex.def)             Requested size: 469.75502pt x 326.5857pt.
))) (./chapter8/main.tex [119] [120 <../6949db0bfd19311f68336ca1/Sec 3/total_ra
te.pdf>] [121 <../6949db0bfd19311f68336ca1/Appendix/noise_spectrum_plot.pdf>] [
122 <../6949db0bfd19311f68336ca1/Appendix/preparation_fidelity_plot.pdf>]
Chapter 8.
(./chapter8/sections/sec4.tex (../6949db0bfd19311f68336ca1/Sec4/Sec4.tex
<../6949db0bfd19311f68336ca1/Sec4/qec_plot.pdf, id=3136, 1488.54091pt x 706.967
45pt>
File: ../6949db0bfd19311f68336ca1/Sec4/qec_plot.pdf Graphic file (type pdf)
<use ../6949db0bfd19311f68336ca1/Sec4/qec_plot.pdf>
Package pdftex.def Info: ../6949db0bfd19311f68336ca1/Sec4/qec_plot.pdf  used on
 input line 5.
(pdftex.def)             Requested size: 469.75502pt x 223.10583pt.

[123

] [124 <../6949db0bfd19311f68336ca1/Sec4/qec_plot.pdf>] [125]) [126])
(./chapter8/sections/conclusion.tex (../6949db0bfd19311f68336ca1/Conclusion.tex
)) (./chapter8/sections/higher_order.tex
(../6949db0bfd19311f68336ca1/Appendix/higher-order.tex [127]
<../6949db0bfd19311f68336ca1/Appendix/higher_order.pdf, id=3190, 226.8475pt x 1
70.6375pt>
File: ../6949db0bfd19311f68336ca1/Appendix/higher_order.pdf Graphic file (type 
pdf)
<use ../6949db0bfd19311f68336ca1/Appendix/higher_order.pdf>
Package pdftex.def Info: ../6949db0bfd19311f68336ca1/Appendix/higher_order.pdf 
 used on input line 6.
(pdftex.def)             Requested size: 422.77664pt x 318.02036pt.
 [128 <../6949db0bfd19311f68336ca1/Appendix/higher_order.pdf>])) (./chapter8/se
ctions/snail.tex
(../6949db0bfd19311f68336ca1/Appendix/SNAIL.tex
<../6949db0bfd19311f68336ca1/Appendix/SNAILss.pdf, id=3217, 237.88875pt x 170.6
375pt>
File: ../6949db0bfd19311f68336ca1/Appendix/SNAILss.pdf Graphic file (type pdf)
<use ../6949db0bfd19311f68336ca1/Appendix/SNAILss.pdf>
Package pdftex.def Info: ../6949db0bfd19311f68336ca1/Appendix/SNAILss.pdf  used
 on input line 5.
(pdftex.def)             Requested size: 422.77664pt x 303.2729pt.
 [129] [130 <../6949db0bfd19311f68336ca1/Appendix/SNAILss.pdf>])) (./chapter8/s
ections/amplitude_noise.tex
(../6949db0bfd19311f68336ca1/Appendix/amplitude_noise.tex [131] [132])))
(./conclusion.tex [133]
Chapter 9.
) (./main.bbl [134

]
Overfull \hbox (34.11163pt too wide) in paragraph at lines 143--149
\OT1/pcr/m/n/12 nist-[]releases-[]first-[]3-[]finalized-[]post-[]quantum-[]encr
yption-[]standards$[]
 []

[135

] [136] [137] [138] [139]
Underfull \hbox (badness 10000) in paragraph at lines 905--908
[]\OT1/ptm/m/n/12 F. Pe-dregosa, Mem-ory pro-filer, []$\OT1/pcr/m/n/12 https : 
/ / github . com / pythonprofilers /
 []

[140] [141]) (./appendix.tex [142]
Appendix A.

Package hyperref Warning: Token not allowed in a PDF string (Unicode):
(hyperref)                removing `math shift' on input line 10.


Package hyperref Warning: Token not allowed in a PDF string (Unicode):
(hyperref)                removing `\mu' on input line 10.


Package hyperref Warning: Token not allowed in a PDF string (Unicode):
(hyperref)                removing `math shift' on input line 10.

[143

]

pdfTeX warning: pdflatex (file ./ch3_figures/uscaling.pdf): PDF inclusion: foun
d PDF version <1.6>, but at most version <1.5> allowed
<ch3_figures/uscaling.pdf, id=3547, 828.85661pt x 342.27272pt>
File: ch3_figures/uscaling.pdf Graphic file (type pdf)
<use ch3_figures/uscaling.pdf>
Package pdftex.def Info: ch3_figures/uscaling.pdf  used on input line 24.
(pdftex.def)             Requested size: 469.75502pt x 193.98505pt.
[144 <./ch3_figures/uscaling.pdf>] [145]
Appendix B.
[146

] [147] [148] [149]
Appendix C.
(../6949db0bfd19311f68336ca1/Appendix/floquet.tex [150

] [151] [152]
(./Appendix/floqet_RWA.tex (../6949db0bfd19311f68336ca1/Appendix/floqet_RWA.tex
[153]

Package hyperref Warning: Token not allowed in a PDF string (Unicode):
(hyperref)                removing `math shift' on input line 1.


Package hyperref Warning: Token not allowed in a PDF string (Unicode):
(hyperref)                removing `subscript' on input line 1.


Package hyperref Warning: Token not allowed in a PDF string (Unicode):
(hyperref)                removing `math shift' on input line 1.


Underfull \hbox (badness 10000) in paragraph at lines 16--19

 []


Overfull \hbox (2.98434pt too wide) detected at line 26
[]
 []

[154] [155] [156] [157]))) [158]
Appendix D.
(../6949db0bfd19311f68336ca1/Appendix/higher-order.tex
File: ../6949db0bfd19311f68336ca1/Appendix/higher_order.pdf Graphic file (type 
pdf)
<use ../6949db0bfd19311f68336ca1/Appendix/higher_order.pdf>
Package pdftex.def Info: ../6949db0bfd19311f68336ca1/Appendix/higher_order.pdf 
 used on input line 6.
(pdftex.def)             Requested size: 422.77664pt x 318.02036pt.
) [159

] [160]
Appendix E.
(../6949db0bfd19311f68336ca1/Appendix/SNAIL.tex
File: ../6949db0bfd19311f68336ca1/Appendix/SNAILss.pdf Graphic file (type pdf)
<use ../6949db0bfd19311f68336ca1/Appendix/SNAILss.pdf>
Package pdftex.def Info: ../6949db0bfd19311f68336ca1/Appendix/SNAILss.pdf  used
 on input line 5.
(pdftex.def)             Requested size: 422.77664pt x 303.2729pt.
) [161

] [162]
Appendix F.
(../6949db0bfd19311f68336ca1/Appendix/numerics_trajectory.tex
File: ../6949db0bfd19311f68336ca1/Appendix/noise_spectrum_plot.pdf Graphic file
 (type pdf)
<use ../6949db0bfd19311f68336ca1/Appendix/noise_spectrum_plot.pdf>
Package pdftex.def Info: ../6949db0bfd19311f68336ca1/Appendix/noise_spectrum_pl
ot.pdf  used on input line 29.
(pdftex.def)             Requested size: 469.75502pt x 315.53397pt.
 [163

] [164]
[165]) (../6949db0bfd19311f68336ca1/Appendix/unselective_dephasing_rate.tex
[166]
<../6949db0bfd19311f68336ca1/Appendix/relaxation_excitation_plot.pdf, id=3759, 
481.8pt x 569.12625pt>
File: ../6949db0bfd19311f68336ca1/Appendix/relaxation_excitation_plot.pdf Graph
ic file (type pdf)
<use ../6949db0bfd19311f68336ca1/Appendix/relaxation_excitation_plot.pdf>
Package pdftex.def Info: ../6949db0bfd19311f68336ca1/Appendix/relaxation_excita
tion_plot.pdf  used on input line 32.
(pdftex.def)             Requested size: 469.75502pt x 554.91757pt.


LaTeX Warning: Float too large for page by 70.1161pt on input line 38.

)) [167] [168 <../6949db0bfd19311f68336ca1/Appendix/relaxation_excitation_plot.
pdf>] (./main.aux)
 ***********
LaTeX2e <2023-11-01> patch level 1
L3 programming layer <2024-02-20>
 ***********


LaTeX Font Warning: Some font shapes were not available, defaults substituted.


LaTeX Warning: There were undefined references.


LaTeX Warning: There were multiply-defined labels.

Package rerunfilecheck Info: File `main.out' has not changed.
(rerunfilecheck)             Checksum: D5BCDADBE60C20B8DEB2732350545071;21364.
 ) 
Here is how much of TeX's memory you used:
 36282 strings out of 474116
 738591 string characters out of 5743681
 1953187 words of memory out of 5000000
 57056 multiletter control sequences out of 15000+600000
 592523 words of font info for 122 fonts, out of 8000000 for 9000
 1141 hyphenation exceptions out of 8191
 110i,20n,108p,2554b,1432s stack positions out of 10000i,1000n,20000p,200000b,200000s
</usr/local/texlive/2024/texmf-dist/fonts/type1/public/stix/STIXGeneral-Bold.
pfb></usr/local/texlive/2024/texmf-dist/fonts/type1/public/stix/STIXGeneral-Ita
lic.pfb></usr/local/texlive/2024/texmf-dist/fonts/type1/public/stix/STIXGeneral
-Regular.pfb></usr/local/texlive/2024/texmf-dist/fonts/type1/public/bbold-type1
/bbold10.pfb></usr/local/texlive/2024/texmf-dist/fonts/type1/public/bbold-type1
/bbold7.pfb></usr/local/texlive/2024/texmf-dist/fonts/type1/public/amsfonts/cm/
cmex10.pfb></usr/local/texlive/2024/texmf-dist/fonts/type1/public/amsfonts/cmex
tra/cmex8.pfb></usr/local/texlive/2024/texmf-dist/fonts/type1/public/amsfonts/c
m/cmmi10.pfb></usr/local/texlive/2024/texmf-dist/fonts/type1/public/amsfonts/cm
/cmmi12.pfb></usr/local/texlive/2024/texmf-dist/fonts/type1/public/amsfonts/cm/
cmmi6.pfb></usr/local/texlive/2024/texmf-dist/fonts/type1/public/amsfonts/cm/cm
mi8.pfb></usr/local/texlive/2024/texmf-dist/fonts/type1/public/amsfonts/cm/cmmi
9.pfb></usr/local/texlive/2024/texmf-dist/fonts/type1/public/amsfonts/cm/cmmib1
0.pfb></usr/local/texlive/2024/texmf-dist/fonts/type1/public/amsfonts/cm/cmr10.
pfb></usr/local/texlive/2024/texmf-dist/fonts/type1/public/amsfonts/cm/cmr12.pf
b></usr/local/texlive/2024/texmf-dist/fonts/type1/public/amsfonts/cm/cmr6.pfb><
/usr/local/texlive/2024/texmf-dist/fonts/type1/public/amsfonts/cm/cmr7.pfb></us
r/local/texlive/2024/texmf-dist/fonts/type1/public/amsfonts/cm/cmr8.pfb></usr/l
ocal/texlive/2024/texmf-dist/fonts/type1/public/amsfonts/cm/cmr9.pfb></usr/loca
l/texlive/2024/texmf-dist/fonts/type1/public/amsfonts/cm/cmsy10.pfb></usr/local
/texlive/2024/texmf-dist/fonts/type1/public/amsfonts/cm/cmsy6.pfb></usr/local/t
exlive/2024/texmf-dist/fonts/type1/public/amsfonts/cm/cmsy7.pfb></usr/local/tex
live/2024/texmf-dist/fonts/type1/public/amsfonts/cm/cmsy8.pfb></usr/local/texli
ve/2024/texmf-dist/fonts/type1/public/amsfonts/cm/cmsy9.pfb></usr/local/texlive
/2024/texmf-dist/fonts/type1/public/amsfonts/euler/eufm10.pfb></usr/local/texli
ve/2024/texmf-dist/fonts/type1/public/amsfonts/symbols/msam10.pfb></usr/local/t
exlive/2024/texmf-dist/fonts/type1/public/amsfonts/symbols/msbm10.pfb></usr/loc
al/texlive/2024/texmf-dist/fonts/type1/public/stmaryrd/stmary10.pfb></usr/local
/texlive/2024/texmf-dist/fonts/type1/urw/courier/ucrr8a.pfb></usr/local/texlive
/2024/texmf-dist/fonts/type1/urw/times/utmb8a.pfb></usr/local/texlive/2024/texm
f-dist/fonts/type1/urw/times/utmr8a.pfb></usr/local/texlive/2024/texmf-dist/fon
ts/type1/urw/times/utmri8a.pfb>
Output written on main.pdf (188 pages, 5924832 bytes).
PDF statistics:
 5058 PDF objects out of 5155 (max. 8388607)
 3994 compressed objects within 40 object streams
 853 named destinations out of 1000 (max. 500000)
 902 words of extra memory for PDF output out of 10000 (max. 10000000)

